#
# There is insufficient memory for the Java Runtime Environment to continue.
# Native memory allocation (mmap) failed to map 65536 bytes. Error detail: Failed to commit metaspace.
# Possible reasons:
#   The system is out of physical RAM or swap space
#   This process is running with CompressedOops enabled, and the Java Heap may be blocking the growth of the native heap
# Possible solutions:
#   Reduce memory load on the system
#   Increase physical memory or swap space
#   Check if swap backing store is full
#   Decrease Java heap size (-Xmx/-Xms)
#   Decrease number of Java threads
#   Decrease Java thread stack sizes (-Xss)
#   Set larger code cache with -XX:ReservedCodeCacheSize=
#   JVM is running with Unscaled Compressed Oops mode in which the Java heap is
#     placed in the first 4GB address space. The Java Heap base address is the
#     maximum limit for the native heap growth. Please use -XX:HeapBaseMinAddress
#     to set the Java Heap base and to place the Java Heap above 4GB virtual address.
# This output file may be truncated or incomplete.
#
#  Out of Memory Error (virtualSpaceNode.cpp:113), pid=2948, tid=5168
#
# JRE version: Java(TM) SE Runtime Environment (23.0.1+11) (build 23.0.1+11-39)
# Java VM: Java HotSpot(TM) 64-Bit Server VM (23.0.1+11-39, mixed mode, emulated-client, sharing, tiered, compressed oops, compressed class ptrs, g1 gc, windows-amd64)
# No core dump will be written. Minidumps are not enabled by default on client versions of Windows
#

---------------  S U M M A R Y ------------

Command Line: -Dcom.sun.management.jmxremote -Dcom.sun.management.jmxremote.port=53676 -Dcom.sun.management.jmxremote.authenticate=false -Dcom.sun.management.jmxremote.ssl=false -Djava.rmi.server.hostname=localhost -Dspring.jmx.enabled=true -Dmanagement.endpoints.jmx.exposure.include=* -Dspring.application.admin.enabled=true -XX:TieredStopAtLevel=1 -Dspring.boot.project.name=RegisterUser_RegisterUser -Dfile.encoding=UTF-8 -Dstdout.encoding=UTF-8 -Dstderr.encoding=UTF-8 -XX:+ShowCodeDetailsInExceptionMessages com.example.RegisterUser.RegisterUser.RegisterUserApplication --spring.output.ansi.enabled=always

Host: AMD Ryzen 3 3250U with Radeon Graphics         , 4 cores, 3G,  Windows 11 , 64 bit Build 22621 (10.0.22621.4974)
Time: Thu Apr 24 16:12:21 2025 India Standard Time elapsed time: 17.489121 seconds (0d 0h 0m 17s)

---------------  T H R E A D  ---------------

Current thread (0x000001e55cb38d10):  JavaThread "main"             [_thread_in_vm, id=5168, stack(0x0000003ab4600000,0x0000003ab4700000) (1024K)]

Stack: [0x0000003ab4600000,0x0000003ab4700000]
Native frames: (J=compiled Java code, j=interpreted, Vv=VM code, C=native code)
V  [jvm.dll+0x6e08b9]  (no source info available)
V  [jvm.dll+0x87dc83]  (no source info available)
V  [jvm.dll+0x88010e]  (no source info available)
V  [jvm.dll+0x8807e3]  (no source info available)
V  [jvm.dll+0x27aee6]  (no source info available)
V  [jvm.dll+0x87988e]  (no source info available)
V  [jvm.dll+0x682035]  (no source info available)
V  [jvm.dll+0x1e09dc]  (no source info available)
V  [jvm.dll+0x1e07ae]  (no source info available)
V  [jvm.dll+0x684988]  (no source info available)
V  [jvm.dll+0x2219dc]  (no source info available)
V  [jvm.dll+0x682a4e]  (no source info available)
V  [jvm.dll+0x68ce28]  (no source info available)
V  [jvm.dll+0x211fe1]  (no source info available)
V  [jvm.dll+0x21244a]  (no source info available)
V  [jvm.dll+0x212e71]  (no source info available)
V  [jvm.dll+0x20811e]  (no source info available)
V  [jvm.dll+0x5be6df]  (no source info available)
V  [jvm.dll+0x7f3c6d]  (no source info available)
V  [jvm.dll+0x476482]  (no source info available)
V  [jvm.dll+0x489c56]  (no source info available)
C  [java.dll+0x163f]  (no source info available)

Java frames: (J=compiled Java code, j=interpreted, Vv=VM code)
J 1113  java.lang.ClassLoader.defineClass0(Ljava/lang/ClassLoader;Ljava/lang/Class;Ljava/lang/String;[BIILjava/security/ProtectionDomain;ZILjava/lang/Object;)Ljava/lang/Class; java.base@23.0.1 (0 bytes) @ 0x000001e56783e20c [0x000001e56783e120+0x00000000000000ec]
J 1627 c1 java.lang.System$2.defineClass(Ljava/lang/ClassLoader;Ljava/lang/Class;Ljava/lang/String;[BLjava/security/ProtectionDomain;ZILjava/lang/Object;)Ljava/lang/Class; java.base@23.0.1 (21 bytes) @ 0x000001e5678e4e1c [0x000001e5678e4da0+0x000000000000007c]
J 1626 c1 java.lang.invoke.MethodHandles$Lookup$ClassDefiner.defineClass(ZLjava/lang/Object;)Ljava/lang/Class; java.base@23.0.1 (213 bytes) @ 0x000001e5678e52ec [0x000001e5678e5100+0x00000000000001ec]
J 4205 c1 java.lang.invoke.InnerClassLambdaMetafactory.generateInnerClass()Ljava/lang/Class; java.base@23.0.1 (506 bytes) @ 0x000001e567ba0d54 [0x000001e567ba0140+0x0000000000000c14]
J 2282 c1 java.lang.invoke.InnerClassLambdaMetafactory.spinInnerClass()Ljava/lang/Class; java.base@23.0.1 (124 bytes) @ 0x000001e5679aa114 [0x000001e5679aa040+0x00000000000000d4]
J 2281 c1 java.lang.invoke.InnerClassLambdaMetafactory.buildCallSite()Ljava/lang/invoke/CallSite; java.base@23.0.1 (150 bytes) @ 0x000001e5679a9534 [0x000001e5679a94e0+0x0000000000000054]
J 1968 c1 java.lang.invoke.LambdaMetafactory.metafactory(Ljava/lang/invoke/MethodHandles$Lookup;Ljava/lang/String;Ljava/lang/invoke/MethodType;Ljava/lang/invoke/MethodType;Ljava/lang/invoke/MethodHandle;Ljava/lang/invoke/MethodType;)Ljava/lang/invoke/CallSite; java.base@23.0.1 (71 bytes) @ 0x000001e567954104 [0x000001e567953fa0+0x0000000000000164]
J 2289 c1 java.lang.invoke.LambdaForm$DMH+0x000001e5010c6000.invokeStatic(Ljava/lang/Object;Ljava/lang/Object;Ljava/lang/Object;Ljava/lang/Object;Ljava/lang/Object;Ljava/lang/Object;Ljava/lang/Object;)Ljava/lang/Object; java.base@23.0.1 (31 bytes) @ 0x000001e5679ab9f4 [0x000001e5679ab9a0+0x0000000000000054]
J 1791 c1 java.lang.invoke.BootstrapMethodInvoker.invoke(Ljava/lang/Class;Ljava/lang/invoke/MethodHandle;Ljava/lang/String;Ljava/lang/Object;Ljava/lang/Object;Ljava/lang/Class;)Ljava/lang/Object; java.base@23.0.1 (1030 bytes) @ 0x000001e56791d4a4 [0x000001e56791bf40+0x0000000000001564]
J 1790 c1 java.lang.invoke.CallSite.makeSite(Ljava/lang/invoke/MethodHandle;Ljava/lang/String;Ljava/lang/invoke/MethodType;Ljava/lang/Object;Ljava/lang/Class;)Ljava/lang/invoke/CallSite; java.base@23.0.1 (95 bytes) @ 0x000001e567919c14 [0x000001e567919bc0+0x0000000000000054]
J 1789 c1 java.lang.invoke.MethodHandleNatives.linkCallSiteImpl(Ljava/lang/Class;Ljava/lang/invoke/MethodHandle;Ljava/lang/String;Ljava/lang/invoke/MethodType;Ljava/lang/Object;[Ljava/lang/Object;)Ljava/lang/invoke/MemberName; java.base@23.0.1 (119 bytes) @ 0x000001e5679194c4 [0x000001e567919480+0x0000000000000044]
J 1788 c1 java.lang.invoke.MethodHandleNatives.linkCallSite(Ljava/lang/Object;Ljava/lang/Object;Ljava/lang/Object;Ljava/lang/Object;Ljava/lang/Object;[Ljava/lang/Object;)Ljava/lang/invoke/MemberName; java.base@23.0.1 (65 bytes) @ 0x000001e5679191ec [0x000001e5679190c0+0x000000000000012c]
v  ~StubRoutines::call_stub 0x000001e567550fcd
j  com.mysql.cj.protocol.a.NativeProtocol.<clinit>()V+352
v  ~StubRoutines::call_stub 0x000001e567550fcd
j  com.mysql.cj.NativeSession.connect(Lcom/mysql/cj/conf/HostInfo;Ljava/lang/String;Ljava/lang/String;Ljava/lang/String;ILcom/mysql/cj/TransactionEventHandler;)V+75
j  com.mysql.cj.jdbc.ConnectionImpl.connectOneTryOnly(Z)V+32
j  com.mysql.cj.jdbc.ConnectionImpl.createNewIO(Z)V+31
j  com.mysql.cj.jdbc.ConnectionImpl.<init>(Lcom/mysql/cj/conf/HostInfo;)V+982
j  com.mysql.cj.jdbc.ConnectionImpl.getInstance(Lcom/mysql/cj/conf/HostInfo;)Lcom/mysql/cj/jdbc/JdbcConnection;+5
j  com.mysql.cj.jdbc.NonRegisteringDriver.connect(Ljava/lang/String;Ljava/util/Properties;)Ljava/sql/Connection;+72
j  com.zaxxer.hikari.util.DriverDataSource.getConnection(Ljava/lang/String;Ljava/lang/String;)Ljava/sql/Connection;+61
j  com.zaxxer.hikari.pool.PoolBase.newConnection()Ljava/sql/Connection;+49
j  com.zaxxer.hikari.pool.PoolBase.newPoolEntry()Lcom/zaxxer/hikari/pool/PoolEntry;+5
j  com.zaxxer.hikari.pool.HikariPool.createPoolEntry()Lcom/zaxxer/hikari/pool/PoolEntry;+1
j  com.zaxxer.hikari.pool.HikariPool.checkFailFast()V+20
j  com.zaxxer.hikari.pool.HikariPool.<init>(Lcom/zaxxer/hikari/HikariConfig;)V+127
j  com.zaxxer.hikari.HikariDataSource.getConnection()Ljava/sql/Connection;+82
j  org.hibernate.engine.jdbc.connections.internal.DatasourceConnectionProviderImpl.getConnection()Ljava/sql/Connection;+48
j  org.hibernate.engine.jdbc.env.internal.JdbcEnvironmentInitiator$ConnectionProviderJdbcConnectionAccess.obtainConnection()Ljava/sql/Connection;+4
j  org.hibernate.resource.transaction.backend.jdbc.internal.JdbcIsolationDelegate.delegateWork(Lorg/hibernate/jdbc/WorkExecutorVisitable;Z)Ljava/lang/Object;+6
j  org.hibernate.engine.jdbc.env.internal.JdbcEnvironmentInitiator.getJdbcEnvironmentUsingJdbcMetadata(Ljava/util/Map;Lorg/hibernate/service/spi/ServiceRegistryImplementor;Lorg/hibernate/engine/jdbc/dialect/spi/DialectFactory;Ljava/lang/String;Ljava/lang/Integer;Ljava/lang/Integer;Ljava/lang/String;)Lorg/hibernate/engine/jdbc/env/internal/JdbcEnvironmentImpl;+109
j  org.hibernate.engine.jdbc.env.internal.JdbcEnvironmentInitiator.initiateService(Ljava/util/Map;Lorg/hibernate/service/spi/ServiceRegistryImplementor;)Lorg/hibernate/engine/jdbc/env/spi/JdbcEnvironment;+123
j  org.hibernate.engine.jdbc.env.internal.JdbcEnvironmentInitiator.initiateService(Ljava/util/Map;Lorg/hibernate/service/spi/ServiceRegistryImplementor;)Lorg/hibernate/service/Service;+3
j  org.hibernate.boot.registry.internal.StandardServiceRegistryImpl.initiateService(Lorg/hibernate/service/spi/ServiceInitiator;)Lorg/hibernate/service/Service;+9
j  org.hibernate.service.internal.AbstractServiceRegistryImpl.createService(Lorg/hibernate/service/spi/ServiceBinding;)Lorg/hibernate/service/Service;+26
j  org.hibernate.service.internal.AbstractServiceRegistryImpl.initializeService(Lorg/hibernate/service/spi/ServiceBinding;)Lorg/hibernate/service/Service;+30
j  org.hibernate.service.internal.AbstractServiceRegistryImpl.getService(Ljava/lang/Class;)Lorg/hibernate/service/Service;+112
j  org.hibernate.boot.model.relational.Database.<init>(Lorg/hibernate/boot/spi/MetadataBuildingOptions;)V+10
j  org.hibernate.boot.internal.InFlightMetadataCollectorImpl.getDatabase()Lorg/hibernate/boot/model/relational/Database;+16
j  org.hibernate.boot.internal.InFlightMetadataCollectorImpl.<init>(Lorg/hibernate/boot/spi/BootstrapContext;Lorg/hibernate/boot/spi/MetadataBuildingOptions;)V+412
j  org.hibernate.boot.model.process.spi.MetadataBuildingProcess.complete(Lorg/hibernate/boot/model/process/spi/ManagedResources;Lorg/hibernate/boot/spi/BootstrapContext;Lorg/hibernate/boot/spi/MetadataBuildingOptions;)Lorg/hibernate/boot/spi/MetadataImplementor;+6
j  org.hibernate.jpa.boot.internal.EntityManagerFactoryBuilderImpl.metadata()Lorg/hibernate/boot/spi/MetadataImplementor;+30
j  org.hibernate.jpa.boot.internal.EntityManagerFactoryBuilderImpl.build()Ljakarta/persistence/EntityManagerFactory;+3
j  org.springframework.orm.jpa.vendor.SpringHibernateJpaPersistenceProvider.createContainerEntityManagerFactory(Ljakarta/persistence/spi/PersistenceUnitInfo;Ljava/util/Map;)Ljakarta/persistence/EntityManagerFactory;+59
j  org.springframework.orm.jpa.LocalContainerEntityManagerFactoryBean.createNativeEntityManagerFactory()Ljakarta/persistence/EntityManagerFactory;+111
j  org.springframework.orm.jpa.AbstractEntityManagerFactoryBean.buildNativeEntityManagerFactory()Ljakarta/persistence/EntityManagerFactory;+1
j  org.springframework.orm.jpa.AbstractEntityManagerFactoryBean.afterPropertiesSet()V+192
j  org.springframework.orm.jpa.LocalContainerEntityManagerFactoryBean.afterPropertiesSet()V+81
j  org.springframework.beans.factory.support.AbstractAutowireCapableBeanFactory.invokeInitMethods(Ljava/lang/String;Ljava/lang/Object;Lorg/springframework/beans/factory/support/RootBeanDefinition;)V+56
j  org.springframework.beans.factory.support.AbstractAutowireCapableBeanFactory.initializeBean(Ljava/lang/String;Ljava/lang/Object;Lorg/springframework/beans/factory/support/RootBeanDefinition;)Ljava/lang/Object;+34
j  org.springframework.beans.factory.support.AbstractAutowireCapableBeanFactory.doCreateBean(Ljava/lang/String;Lorg/springframework/beans/factory/support/RootBeanDefinition;[Ljava/lang/Object;)Ljava/lang/Object;+228
j  org.springframework.beans.factory.support.AbstractAutowireCapableBeanFactory.createBean(Ljava/lang/String;Lorg/springframework/beans/factory/support/RootBeanDefinition;[Ljava/lang/Object;)Ljava/lang/Object;+153
j  org.springframework.beans.factory.support.AbstractBeanFactory.lambda$doGetBean$0(Ljava/lang/String;Lorg/springframework/beans/factory/support/RootBeanDefinition;[Ljava/lang/Object;)Ljava/lang/Object;+4
j  org.springframework.beans.factory.support.AbstractBeanFactory$$Lambda+0x000001e50124f648.getObject()Ljava/lang/Object;+16
j  org.springframework.beans.factory.support.DefaultSingletonBeanRegistry.getSingleton(Ljava/lang/String;Lorg/springframework/beans/factory/ObjectFactory;)Ljava/lang/Object;+683
J 3221 c1 org.springframework.beans.factory.support.AbstractBeanFactory.doGetBean(Ljava/lang/String;Ljava/lang/Class;[Ljava/lang/Object;Z)Ljava/lang/Object; (787 bytes) @ 0x000001e567ad0a2c [0x000001e567ad0380+0x00000000000006ac]
J 3225 c1 org.springframework.beans.factory.support.AbstractBeanFactory.getBean(Ljava/lang/String;Ljava/lang/Class;)Ljava/lang/Object; (9 bytes) @ 0x000001e567acdc74 [0x000001e567acdc20+0x0000000000000054]
j  org.springframework.context.support.AbstractApplicationContext.finishBeanFactoryInitialization(Lorg/springframework/beans/factory/config/ConfigurableListableBeanFactory;)V+220
j  org.springframework.context.support.AbstractApplicationContext.refresh()V+94
j  org.springframework.boot.web.servlet.context.ServletWebServerApplicationContext.refresh()V+1
j  org.springframework.boot.SpringApplication.refresh(Lorg/springframework/context/ConfigurableApplicationContext;)V+1
j  org.springframework.boot.SpringApplication.refreshContext(Lorg/springframework/context/ConfigurableApplicationContext;)V+19
j  org.springframework.boot.SpringApplication.run([Ljava/lang/String;)Lorg/springframework/context/ConfigurableApplicationContext;+113
j  org.springframework.boot.SpringApplication.run([Ljava/lang/Class;[Ljava/lang/String;)Lorg/springframework/context/ConfigurableApplicationContext;+9
j  org.springframework.boot.SpringApplication.run(Ljava/lang/Class;[Ljava/lang/String;)Lorg/springframework/context/ConfigurableApplicationContext;+9
j  com.example.RegisterUser.RegisterUser.RegisterUserApplication.main([Ljava/lang/String;)V+3
v  ~StubRoutines::call_stub 0x000001e567550fcd
Lock stack of current Java thread (top to bottom):
LockStack[0]: com.zaxxer.hikari.HikariDataSource 
{0x00000000cae84bc0} - klass: 'com/zaxxer/hikari/HikariDataSource'
 - ---- fields (total size 23 words):
 - private volatile 'maxPoolSize' 'I' @12  10 (0x0000000a)
 - private volatile 'connectionTimeout' 'J' @16  30000 (0x0000000000007530)
 - private volatile 'validationTimeout' 'J' @24  5000 (0x0000000000001388)
 - private volatile 'idleTimeout' 'J' @32  600000 (0x00000000000927c0)
 - private volatile 'leakDetectionThreshold' 'J' @40  0 (0x0000000000000000)
 - private volatile 'maxLifetime' 'J' @48  1800000 (0x00000000001b7740)
 - private 'initializationFailTimeout' 'J' @56  1 (0x0000000000000001)
 - private 'keepaliveTime' 'J' @64  0 (0x0000000000000000)
 - private volatile 'minIdle' 'I' @72  10 (0x0000000a)
 - private 'isAutoCommit' 'Z' @76  true (0x01)
 - private 'isReadOnly' 'Z' @77  false (0x00)
 - private 'isIsolateInternalQueries' 'Z' @78  false (0x00)
 - private 'isRegisterMbeans' 'Z' @79  false (0x00)
 - private 'isAllowPoolSuspension' 'Z' @80  false (0x00)
 - private volatile 'sealed' 'Z' @81  false (0x00)
 - private volatile 'catalog' 'Ljava/lang/String;' @84  null (0x00000000)
 - private volatile 'username' 'Ljava/lang/String;' @88  "root"{0x00000000cae84c78} (0xcae84c78)
 - private volatile 'password' 'Ljava/lang/String;' @92  null (0x00000000)
 - private 'connectionInitSql' 'Ljava/lang/String;' @96  null (0x00000000)
 - private 'connectionTestQuery' 'Ljava/lang/String;' @100  null (0x00000000)
 - private 'dataSourceClassName' 'Ljava/lang/String;' @104  null (0x00000000)
 - private 'dataSourceJndiName' 'Ljava/lang/String;' @108  null (0x00000000)
 - private 'driverClassName' 'Ljava/lang/String;' @112  "com.mysql.cj.jdbc.Driver"{0x00000000cae84ca8} (0xcae84ca8)
 - private 'exceptionOverrideClassName' 'Ljava/lang/String;' @116  null (0x00000000)
 - private 'jdbcUrl' 'Ljava/lang/String;' @120  "jdbc:mysql://localhost:3306/springboot"{0x00000000cae84ce8} (0xcae84ce8)
 - private 'poolName' 'Ljava/lang/String;' @124  "HikariPool-1"{0x00000000cc73a9d8} (0xcc73a9d8)
 - private 'schema' 'Ljava/lang/String;' @128  null (0x00000000)
 - private 'transactionIsolationName' 'Ljava/lang/String;' @132  null (0x00000000)
 - private 'dataSource' 'Ljavax/sql/DataSource;' @136  null (0x00000000)
 - private 'dataSourceProperties' 'Ljava/util/Properties;' @140  a 'java/util/Properties'{0x00000000cae84d38} (0xcae84d38)
 - private 'threadFactory' 'Ljava/util/concurrent/ThreadFactory;' @144  null (0x00000000)
 - private 'scheduledExecutor' 'Ljava/util/concurrent/ScheduledExecutorService;' @148  null (0x00000000)
 - private 'metricsTrackerFactory' 'Lcom/zaxxer/hikari/metrics/MetricsTrackerFactory;' @152  null (0x00000000)
 - private 'metricRegistry' 'Ljava/lang/Object;' @156  null (0x00000000)
 - private 'healthCheckRegistry' 'Ljava/lang/Object;' @160  null (0x00000000)
 - private 'healthCheckProperties' 'Ljava/util/Properties;' @164  a 'java/util/Properties'{0x00000000cae84db0} (0xcae84db0)
 - private final 'isShutdown' 'Ljava/util/concurrent/atomic/AtomicBoolean;' @168  a 'java/util/concurrent/atomic/AtomicBoolean'{0x00000000cae84e28} (0xcae84e28)
 - private final 'fastPathPool' 'Lcom/zaxxer/hikari/pool/HikariPool;' @172  null (0x00000000)
 - private volatile 'pool' 'Lcom/zaxxer/hikari/pool/HikariPool;' @176  null (0x00000000)


Compiled method (n/a) 17702 1113     n 0       java.lang.ClassLoader::defineClass0 (native)
 total in heap  [0x000001e56783e008,0x000001e56783e5f0] = 1512
 relocation     [0x000001e56783e0e0,0x000001e56783e118] = 56
 main code      [0x000001e56783e120,0x000001e56783e5ea] = 1226
 stub code      [0x000001e56783e5ea,0x000001e56783e5f0] = 6

[Constant Pool (empty)]

[MachCode]
[Entry Point]
  # {method} {0x000001e500478548} 'defineClass0' '(Ljava/lang/ClassLoader;Ljava/lang/Class;Ljava/lang/String;[BIILjava/security/ProtectionDomain;ZILjava/lang/Object;)Ljava/lang/Class;' in 'java/lang/ClassLoader'
  # parm0:    rdx:rdx   = 'java/lang/ClassLoader'
  # parm1:    r8:r8     = 'java/lang/Class'
  # parm2:    r9:r9     = 'java/lang/String'
  # parm3:    rdi:rdi   = '[B'
  # parm4:    rsi       = int
  # parm5:    rcx       = int
  # parm6:    [sp+0xb0]   = 'java/security/ProtectionDomain'  (sp of caller)
  # parm7:    [sp+0xb8]   = boolean
  # parm8:    [sp+0xc0]   = int
  # parm9:    [sp+0xc8]   = 'java/lang/Object'
  0x000001e56783e120: 6690 448b | 5208 443b 

  0x000001e56783e128: ;   {runtime_call ic_miss_stub}
  0x000001e56783e128: 5008 0f85 | b003 d6ff 
[Verified Entry Point]
  0x000001e56783e130: 8984 2400 | 80ff ff55 | 488b ec48 | 81ec a000 | 0000 6690 | 4181 7f20 | 0500 0000 

  0x000001e56783e14c: ;   {runtime_call StubRoutines (final stubs)}
  0x000001e56783e14c: 7405 e8ed | 95d4 ff48 | 837d 2800 | 488d 4528 | 480f 4445 | 2848 8944 | 2458 4863 | 4520 4889 
  0x000001e56783e16c: 4424 5048 | 6345 1848 | 8944 2448 | 4883 7d10 | 0048 8d45 | 1048 0f44 | 4510 4889 | 4424 4048 
  0x000001e56783e18c: 894c 2438 | 4889 7424 | 3048 897c | 2478 4883 | ff00 488d | 4424 7848 | 0f44 4424 | 7848 8944 
  0x000001e56783e1ac: 2428 4c89 | 4c24 7049 | 83f9 0048 | 8d44 2470 | 480f 4444 | 2470 4889 | 4424 204c | 8944 2468 
  0x000001e56783e1cc: 4983 f800 | 4c8d 4c24 | 684c 0f44 | 4c24 6848 | 8954 2460 | 4883 fa00 | 4c8d 4424 | 604c 0f44 
  0x000001e56783e1ec: ;   {oop(a 'java/lang/Class'{0x00000000ca115758} = 'java/lang/ClassLoader')}
  0x000001e56783e1ec: 4424 6049 | be58 5711 | ca00 0000 | 004c 89b4 | 2490 0000 | 004c 8db4 | 2490 0000 | 0049 8bd6 
  0x000001e56783e20c: ;   {internal_word}
  0x000001e56783e20c: c5f8 7749 | ba0c e283 | 67e5 0100 | 004d 8997 | a803 0000 | 4989 a7a0 

  0x000001e56783e224: ;   {external_word}
  0x000001e56783e224: 0300 0049 | ba41 ad38 | 12fe 7f00 | 0041 803a | 000f 844e | 0000 0052 | 4150 4151 

  0x000001e56783e240: ;   {metadata({method} {0x000001e500478548} 'defineClass0' '(Ljava/lang/ClassLoader;Ljava/lang/Class;Ljava/lang/String;[BIILjava/security/ProtectionDomain;ZILjava/lang/Object;)Ljava/lang/Class;' in 'java/lang/ClassLoader')}
  0x000001e56783e240: 48ba 4085 | 4700 e501 | 0000 498b | cf48 83ec | 2040 f6c4 | 0f0f 8419 | 0000 0048 

  0x000001e56783e25c: ;   {runtime_call}
  0x000001e56783e25c: 83ec 0848 | b810 eee8 | 11fe 7f00 | 00ff d048 | 83c4 08e9 | 0c00 0000 

  0x000001e56783e274: ;   {runtime_call}
  0x000001e56783e274: 48b8 10ee | e811 fe7f | 0000 ffd0 | 4883 c420 | 4159 4158 | 5a49 8d8f | c003 0000 | 41c7 8744 
  0x000001e56783e294: 0400 0004 

  0x000001e56783e298: ;   {runtime_call}
  0x000001e56783e298: 0000 0048 | b804 15dd | b5fe 7f00 | 00ff d0c5 | f877 41c7 | 8744 0400 | 0005 0000 | 00f0 8344 
  0x000001e56783e2b8: 24c0 0049 | 3baf 4804 | 0000 0f87 | 0e00 0000 | 4183 bf40 | 0400 0000 | 0f84 2b00 | 0000 c5f8 
  0x000001e56783e2d8: 7748 8945 | f849 8bcf | 4c8b e448 | 83ec 2048 

  0x000001e56783e2e8: ;   {runtime_call}
  0x000001e56783e2e8: 83e4 f048 | b890 a9b2 | 11fe 7f00 | 00ff d049 | 8be4 4d33 | e448 8b45 | f841 c787 | 4404 0000 
  0x000001e56783e308: 0800 0000 | 4183 bfc8 | 0400 0002 | 0f84 a302 

  0x000001e56783e318: ;   {external_word}
  0x000001e56783e318: 0000 49ba | 41ad 3812 | fe7f 0000 | 4180 3a00 | 0f84 4c00 | 0000 4889 

  0x000001e56783e330: ;   {metadata({method} {0x000001e500478548} 'defineClass0' '(Ljava/lang/ClassLoader;Ljava/lang/Class;Ljava/lang/String;[BIILjava/security/ProtectionDomain;ZILjava/lang/Object;)Ljava/lang/Class;' in 'java/lang/ClassLoader')}
  0x000001e56783e330: 45f8 48ba | 4085 4700 | e501 0000 | 498b cf48 | 83ec 2040 | f6c4 0f0f | 8419 0000 | 0048 83ec 
  0x000001e56783e350: ;   {runtime_call}
  0x000001e56783e350: 0848 b810 | eee8 11fe | 7f00 00ff | d048 83c4 | 08e9 0c00 

  0x000001e56783e364: ;   {runtime_call}
  0x000001e56783e364: 0000 48b8 | 10ee e811 | fe7f 0000 | ffd0 4883 | c420 488b | 45f8 49c7 | 87a0 0300 | 0000 0000 
  0x000001e56783e384: 0049 c787 | a803 0000 | 0000 0000 | c5f8 7748 | 85c0 0f84 | fe01 0000 | a803 0f85 | 0800 0000 
  0x000001e56783e3a4: 488b 00e9 | ee01 0000 | a801 0f85 | 0900 0000 | 488b 40fe | e9dd 0100 | 0048 8b40 | ff41 807f 
  0x000001e56783e3c4: 3800 0f84 | ce01 0000 | 4883 f800 | 0f84 c401 | 0000 498b | 4f28 4883 | f900 0f84 | 1400 0000 
  0x000001e56783e3e4: 4883 e908 | 4989 4f28 | 4903 4f30 | 4889 01e9 | a201 0000 | 4881 ecd0 | 0000 0048 | 8904 2448 
  0x000001e56783e404: 894c 2408 | 4889 5424 | 1048 8974 | 2418 4889 | 7c24 204c | 8944 2428 | 4c89 4c24 | 304c 8954 
  0x000001e56783e424: 2438 4c89 | 5c24 40c5 | fb11 4424 | 50c5 fb11 | 4c24 58c5 | fb11 5424 | 60c5 fb11 | 5c24 68c5 
  0x000001e56783e444: fb11 6424 | 70c5 fb11 | 6c24 78c5 | fb11 b424 | 8000 0000 | c5fb 11bc | 2488 0000 | 00c5 7b11 
  0x000001e56783e464: ;   {no_reloc}
  0x000001e56783e464: 8424 9000 | 0000 c57b | 118c 2498 | 0000 00c5 | 7b11 9424 | a000 0000 | c57b 119c | 24a8 0000 
  0x000001e56783e484: 00c5 7b11 | a424 b000 | 0000 c57b | 11ac 24b8 | 0000 00c5 | 7b11 b424 | c000 0000 | c57b 11bc 
  0x000001e56783e4a4: 24c8 0000 | 0049 8bd7 | 488b c848 | 83ec 2040 | f6c4 0f0f | 8419 0000 | 0048 83ec 

  0x000001e56783e4c0: ;   {runtime_call}
  0x000001e56783e4c0: 0848 b8e0 | 07a6 11fe | 7f00 00ff | d048 83c4 | 08e9 0c00 

  0x000001e56783e4d4: ;   {runtime_call}
  0x000001e56783e4d4: 0000 48b8 | e007 a611 | fe7f 0000 | ffd0 4883 | c420 c57b | 10bc 24c8 | 0000 00c5 | 7b10 b424 
  0x000001e56783e4f4: c000 0000 | c57b 10ac | 24b8 0000 | 00c5 7b10 | a424 b000 | 0000 c57b | 109c 24a8 | 0000 00c5 
  0x000001e56783e514: 7b10 9424 | a000 0000 | c57b 108c | 2498 0000 | 00c5 7b10 | 8424 9000 | 0000 c5fb | 10bc 2488 
  0x000001e56783e534: 0000 00c5 | fb10 b424 | 8000 0000 | c5fb 106c | 2478 c5fb | 1064 2470 | c5fb 105c | 2468 c5fb 
  0x000001e56783e554: 1054 2460 | c5fb 104c | 2458 c5fb | 1044 2450 | 4c8b 5c24 | 404c 8b54 | 2438 4c8b | 4c24 304c 
  0x000001e56783e574: 8b44 2428 | 488b 7c24 | 2048 8b74 | 2418 488b | 5424 1048 | 8b4c 2408 | 488b 0424 | 4881 c4d0 
  0x000001e56783e594: 0000 00c5 | f877 498b | 8f30 0400 | 00c7 8100 | 0100 0000 | 0000 00c9 | 4983 7f08 | 000f 8501 
  0x000001e56783e5b4: 0000 00c3 

  0x000001e56783e5b8: ;   {runtime_call StubRoutines (initial stubs)}
  0x000001e56783e5b8: e903 29d1 | ffc5 f877 | 4889 45f8 | 4c8b e448 | 83ec 2048 

  0x000001e56783e5cc: ;   {runtime_call}
  0x000001e56783e5cc: 83e4 f048 | b8c0 22e9 | 11fe 7f00 | 00ff d049 | 8be4 4d33 | e448 8b45 | f8e9 30fd | ffff f4f4 
  0x000001e56783e5ec: f4f4 f4f4 
[/MachCode]


Compiled method (c1) 17731 1627       1       java.lang.System$2::defineClass (21 bytes)
 total in heap  [0x000001e5678e4c88,0x000001e5678e4ec8] = 576
 relocation     [0x000001e5678e4d60,0x000001e5678e4d98] = 56
 main code      [0x000001e5678e4da0,0x000001e5678e4e80] = 224
 stub code      [0x000001e5678e4e80,0x000001e5678e4ec0] = 64
 metadata       [0x000001e5678e4ec0,0x000001e5678e4ec8] = 8
 immutable data [0x000001e541d6d680,0x000001e541d6d6f8] = 120
 dependencies   [0x000001e541d6d680,0x000001e541d6d688] = 8
 nul chk table  [0x000001e541d6d688,0x000001e541d6d698] = 16
 scopes pcs     [0x000001e541d6d698,0x000001e541d6d6d8] = 64
 scopes data    [0x000001e541d6d6d8,0x000001e541d6d6f8] = 32

[Constant Pool (empty)]

[MachCode]
[Instructions begin]
  0x000001e5678e4da0: 660f 1f84 | 0000 0000 | 0066 0f1f | 8400 0000 | 0000 448b | 5208 443b 

  0x000001e5678e4db8: ;   {runtime_call ic_miss_stub}
  0x000001e5678e4db8: 5008 0f85 | 2097 cbff 
[Verified Entry Point]
  0x000001e5678e4dc0: 8984 2400 | 80ff ff55 | 4883 ec60 | 4181 7f20 | 0500 0000 

  0x000001e5678e4dd4: ;   {runtime_call StubRoutines (final stubs)}
  0x000001e5678e4dd4: 7405 e865 | 29ca ff48 | 8bd9 4c8b | ac24 8000 | 0000 448b | 5c24 788b | 4424 708b | 4e0c 498b 
  0x000001e5678e4df4: d04d 8bc1 | 4c8b cf48 | 8bfe be00 | 0000 0048 | 891c 2489 | 4424 0844 | 895c 2410 | 4c89 6c24 
  0x000001e5678e4e14: ;   {static_call}
  0x000001e5678e4e14: 1866 90e8 

  0x000001e5678e4e18: ; ImmutableOopMap {}
                      ;*invokestatic defineClass0 {reexecute=0 rethrow=0 return_oop=0}
                      ; - java.lang.System$2::defineClass@17 (line 2476)
  0x000001e5678e4e18: 1493 f5ff 

  0x000001e5678e4e1c: ;   {other}
  0x000001e5678e4e1c: 0f1f 8400 | 9401 0000 | 4883 c460 

  0x000001e5678e4e28: ;   {poll_return}
  0x000001e5678e4e28: 5d49 3ba7 | 4804 0000 | 0f87 0600 

  0x000001e5678e4e34: ;   {runtime_call throw_null_pointer_exception Runtime1 stub}
  0x000001e5678e4e34: 0000 c3e8 

  0x000001e5678e4e38: ; ImmutableOopMap {r8=Oop r9=Oop rdi=Oop rsi=Oop rbx=Oop r13=Oop [128]=Oop }
                      ;*arraylength {reexecute=0 rethrow=0 return_oop=0}
                      ; - java.lang.System$2::defineClass@8 (line 2476)
  0x000001e5678e4e38: 24cc d6ff 

  0x000001e5678e4e3c: ;   {internal_word}
  0x000001e5678e4e3c: 49ba 294e | 8e67 e501 | 0000 4d89 | 9760 0400 

  0x000001e5678e4e4c: ;   {runtime_call SafepointBlob}
  0x000001e5678e4e4c: 00e9 8e05 | ccff 498b | 8700 0500 | 0049 c787 | 0005 0000 | 0000 0000 | 49c7 8708 | 0500 0000 
  0x000001e5678e4e6c: 0000 0048 | 83c4 605d 

  0x000001e5678e4e74: ;   {runtime_call unwind_exception Runtime1 stub}
  0x000001e5678e4e74: e9e7 bcd6 | fff4 f4f4 | f4f4 f4f4 
[Stub Code]
  0x000001e5678e4e80: ;   {no_reloc}
  0x000001e5678e4e80: 48bb 0000 | 0000 0000 

  0x000001e5678e4e88: ;   {runtime_call nmethod}
  0x000001e5678e4e88: 0000 e9fb 

  0x000001e5678e4e8c: ;   {runtime_call handle_exception_from_callee Runtime1 stub}
  0x000001e5678e4e8c: ffff ffe8 | cce9 d6ff 

  0x000001e5678e4e94: ;   {external_word}
  0x000001e5678e4e94: 48b9 40d5 | 1012 fe7f | 0000 4883 

  0x000001e5678e4ea0: ;   {runtime_call}
  0x000001e5678e4ea0: e4f0 48b8 | 704a d711 | fe7f 0000 

  0x000001e5678e4eac: ;   {section_word}
  0x000001e5678e4eac: ffd0 f449 | baaf 4e8e | 67e5 0100 

  0x000001e5678e4eb8: ;   {runtime_call DeoptimizationBlob}
  0x000001e5678e4eb8: 0041 52e9 | c0f7 cbff 
[/MachCode]


Compiled method (c1) 17739 1626   !   1       java.lang.invoke.MethodHandles$Lookup$ClassDefiner::defineClass (213 bytes)
 total in heap  [0x000001e5678e4f88,0x000001e5678e55c0] = 1592
 relocation     [0x000001e5678e5060,0x000001e5678e50f8] = 152
 main code      [0x000001e5678e5100,0x000001e5678e54c8] = 968
 stub code      [0x000001e5678e54c8,0x000001e5678e5540] = 120
 metadata       [0x000001e5678e5540,0x000001e5678e55c0] = 128
 immutable data [0x000001e541d69ad0,0x000001e541d69d88] = 696
 dependencies   [0x000001e541d69ad0,0x000001e541d69af8] = 40
 nul chk table  [0x000001e541d69af8,0x000001e541d69b38] = 64
 handler table  [0x000001e541d69b38,0x000001e541d69b80] = 72
 scopes pcs     [0x000001e541d69b80,0x000001e541d69c80] = 256
 scopes data    [0x000001e541d69c80,0x000001e541d69d88] = 264

[Constant Pool (empty)]

[MachCode]
[Instructions begin]
  0x000001e5678e5100: 660f 1f84 | 0000 0000 | 0066 0f1f | 8400 0000 | 0000 448b | 5208 443b 

  0x000001e5678e5118: ;   {runtime_call ic_miss_stub}
  0x000001e5678e5118: 5008 0f85 | c093 cbff 
[Verified Entry Point]
  0x000001e5678e5120: 8984 2400 | 80ff ff55 | 4881 ece0 | 0000 0090 | 4181 7f20 | 0500 0000 

  0x000001e5678e5138: ;   {runtime_call StubRoutines (final stubs)}
  0x000001e5678e5138: 7405 e801 | 26ca ff48 | 8994 2498 | 0000 0044 | 8984 24b0 | 0000 004c | 898c 24b8 | 0000 008b 
  0x000001e5678e5158: 7210 4889 | b424 9000 | 0000 8b7e | 1048 89bc | 24a8 0000 | 008b 5f34 | 4885 db0f | 850a 0000 
  0x000001e5678e5178: ;   {oop(nullptr)}
  0x000001e5678e5178: 0048 bb00 | 0000 0000 | 0000 0048 | 85db 0f84 | ac00 0000 | 8b46 1848 | 85c0 4889 | 9c24 a000 
  0x000001e5678e5198: 0000 0f85 | aa00 0000 

  0x000001e5678e51a0: ;   {oop(a 'java/lang/Class'{0x00000000ca2a7058} = 'jdk/internal/access/SharedSecrets')}
  0x000001e5678e51a0: 48b8 5870 | 2aca 0000 | 0000 8b40 | 7c8b 4e10 | 4885 c00f | 842a 0000 

  0x000001e5678e51b8: ;   {metadata('java/lang/System$2')}
  0x000001e5678e51b8: 0048 be98 | ab17 00e5 | 0100 0044 | 8b70 0849 | ba00 0000 | 00e5 0100 | 004d 03f2 | 493b 7638 
  0x000001e5678e51d8: 0f85 3d02 | 0000 e900 | 0000 004c | 8bd8 483b | 0048 3b01 

  0x000001e5678e51ec: ;   {optimized virtual_call}
  0x000001e5678e51ec: 488b d1e8 

  0x000001e5678e51f0: ; ImmutableOopMap {[144]=Oop [152]=Oop [160]=Oop [168]=Oop [184]=Oop }
                      ;*invokevirtual protectionDomain {reexecute=0 rethrow=0 return_oop=0}
                      ; - java.lang.System$2::protectionDomain@1 (line 2607)
                      ; - java.lang.invoke.MethodHandles$Lookup::lookupClassProtectionDomain@17 (line 2531)
                      ; - java.lang.invoke.MethodHandles$Lookup$ClassDefiner::defineClass@23 (line 2488)
  0x000001e5678e51f0: ccd3 0d00 

  0x000001e5678e51f4: ;   {other}
  0x000001e5678e51f4: 0f1f 8400 | 6c02 0000 | 450f be47 | 3845 85c0 | 488b b424 | 9000 0000 | 0f85 1802 | 0000 4c8b 
  0x000001e5678e5214: d044 8956 | 18f0 8344 | 24c0 004c | 8bc6 4c33 | c049 c1e8 | 1449 83f8 | 000f 8513 | 0200 00e9 
  0x000001e5678e5234: 1200 0000 | 4889 9c24 | a000 0000 

  0x000001e5678e5240: ;   {oop(nullptr)}
  0x000001e5678e5240: 48b8 0000 | 0000 0000 | 0000 488b | 9c24 a000 | 0000 488b | bc24 a800 | 0000 488b | 9424 9800 
  0x000001e5678e5260: ;   {oop(a 'java/lang/Class'{0x00000000ca2a7058} = 'jdk/internal/access/SharedSecrets')}
  0x000001e5678e5260: 0000 49b8 | 5870 2aca | 0000 0000 | 458b 707c | 8b72 148b | 4a18 448b | 4a0c 4d85 | f60f 842a 
  0x000001e5678e5280: ;   {metadata('java/lang/System$2')}
  0x000001e5678e5280: 0000 0049 | bb98 ab17 | 00e5 0100 | 0045 8b6e | 0849 ba00 | 0000 00e5 | 0100 004d | 03ea 4d3b 
  0x000001e5678e52a0: 5d38 0f85 | b601 0000 | e900 0000 | 004d 8bc6 

  0x000001e5678e52b0: ; implicit exception: dispatches to 0x000001e5678e5463
  0x000001e5678e52b0: 493b 064c | 8bc3 498b | d14c 8bcf | 488b fe48 | 8bf1 488b | c88b 8424 | b000 0000 | 8904 2489 
  0x000001e5678e52d0: 5424 0848 | 8b94 24b8 | 0000 0048 | 8954 2410 | 498b d60f 

  0x000001e5678e52e4: ;   {optimized virtual_call}
  0x000001e5678e52e4: 1f40 00e8 

  0x000001e5678e52e8: ; ImmutableOopMap {[152]=Oop [168]=Oop }
                      ;*invokeinterface defineClass {reexecute=0 rethrow=0 return_oop=0}
                      ; - java.lang.invoke.MethodHandles$Lookup$ClassDefiner::defineClass@57 (line 2492)
  0x000001e5678e52e8: d4fa ffff 

  0x000001e5678e52ec: ;   {other}
  0x000001e5678e52ec: 0f1f 8400 | 6403 0001 | 488b 9424 | 9800 0000 | 8b72 1c44 | 0fbe 460c | 4183 e001 | 4585 c00f 
  0x000001e5678e530c: 84bb 0000 | 008b 7a14 | 4885 c00f | 8485 0000 | 00e9 3d00 | 0000 488b | 9424 9800 | 0000 498b 
  0x000001e5678e532c: 8700 0500 | 004d 33d2 | 4d89 9700 | 0500 004d | 33d2 4d89 | 9708 0500 | 008b 721c 

  0x000001e5678e5348: ; implicit exception: dispatches to 0x000001e5678e546d
  0x000001e5678e5348: 440f be46 | 0c41 83e0 | 0145 85c0 | 0f84 b200 | 0000 e983 | 0000 008b | 5218 4c8b | c74c 8bc8 
  0x000001e5678e5368: 488b fa48 | 8bd6 4889 | 8424 c000 

  0x000001e5678e5374: ;   {optimized virtual_call}
  0x000001e5678e5374: 0000 90e8 

  0x000001e5678e5378: ; ImmutableOopMap {[192]=Oop }
                      ;*invokevirtual dumpClass {reexecute=0 rethrow=0 return_oop=0}
                      ; - java.lang.invoke.MethodHandles$Lookup$ClassDefiner::defineClass@134 (line 2500)
  0x000001e5678e5378: 6494 cbff 

  0x000001e5678e537c: ;   {other}
  0x000001e5678e537c: 0f1f 8400 | f403 0002 | 488b 8424 | c000 0000 | 4881 c4e0 | 0000 005d 

  0x000001e5678e5394: ;   {poll_return}
  0x000001e5678e5394: 493b a748 | 0400 000f | 87d1 0000 | 00c3 4889 | 8424 c000 | 0000 448b | 4a18 4c8b | c748 8bd6 
  0x000001e5678e53b4: ;   {optimized virtual_call}
  0x000001e5678e53b4: 6666 90e8 

  0x000001e5678e53b8: ; ImmutableOopMap {[192]=Oop }
                      ;*invokevirtual dumpFailedClass {reexecute=0 rethrow=0 return_oop=0}
                      ; - java.lang.invoke.MethodHandles$Lookup$ClassDefiner::defineClass@150 (line 2502)
  0x000001e5678e53b8: 2494 cbff 

  0x000001e5678e53bc: ;   {other}
  0x000001e5678e53bc: 0f1f 8400 | 3404 0003 | 488b 8424 | c000 0000 | 4881 c4e0 | 0000 005d 

  0x000001e5678e53d4: ;   {poll_return}
  0x000001e5678e53d4: 493b a748 | 0400 000f | 87a7 0000 | 00c3 4889 | 8424 c800 | 0000 448b | 4214 448b | 4a18 488b 
  0x000001e5678e53f4: ;   {optimized virtual_call}
  0x000001e5678e53f4: d666 90e8 

  0x000001e5678e53f8: ; ImmutableOopMap {[200]=Oop }
                      ;*invokevirtual dumpFailedClass {reexecute=0 rethrow=0 return_oop=0}
                      ; - java.lang.invoke.MethodHandles$Lookup$ClassDefiner::defineClass@207 (line 2502)
  0x000001e5678e53f8: e493 cbff 

  0x000001e5678e53fc: ;   {other}
  0x000001e5678e53fc: 0f1f 8400 | 7404 0004 | 488b 8424 | c800 0000 | e9aa 0000 

  0x000001e5678e5410: ;   {runtime_call throw_null_pointer_exception Runtime1 stub}
  0x000001e5678e5410: 00e8 4ac6 

  0x000001e5678e5414: ; ImmutableOopMap {rdx=Oop r9=Oop rsi=Oop [144]=Oop [152]=Oop [184]=Oop }
                      ;*invokevirtual lookupClass {reexecute=0 rethrow=0 return_oop=0}
                      ; - java.lang.invoke.MethodHandles$Lookup$ClassDefiner::defineClass@4 (line 2486)
                      ;   {runtime_call throw_null_pointer_exception Runtime1 stub}
  0x000001e5678e5414: d6ff e845 

  0x000001e5678e5418: ; ImmutableOopMap {rdx=Oop r9=Oop rsi=Oop rdi=Oop [144]=Oop [152]=Oop [168]=Oop [184]=Oop }
                      ;*invokevirtual getClassLoader {reexecute=0 rethrow=0 return_oop=0}
                      ; - java.lang.invoke.MethodHandles$Lookup$ClassDefiner::defineClass@9 (line 2487)
                      ;   {runtime_call throw_incompatible_class_change_error Runtime1 stub}
  0x000001e5678e5418: c6d6 ffe8 

  0x000001e5678e541c: ; ImmutableOopMap {rax=Oop rcx=Oop [144]=Oop [152]=Oop [160]=Oop [168]=Oop [184]=Oop }
                      ;*invokeinterface protectionDomain {reexecute=0 rethrow=0 return_oop=0}
                      ; - java.lang.invoke.MethodHandles$Lookup::lookupClassProtectionDomain@17 (line 2531)
                      ; - java.lang.invoke.MethodHandles$Lookup$ClassDefiner::defineClass@23 (line 2488)
  0x000001e5678e541c: 40ed d6ff 

  0x000001e5678e5420: ;   {runtime_call throw_null_pointer_exception Runtime1 stub}
  0x000001e5678e5420: e83b c6d6 

  0x000001e5678e5424: ; ImmutableOopMap {rcx=Oop [144]=Oop [152]=Oop [160]=Oop [168]=Oop [184]=Oop }
                      ;*invokeinterface protectionDomain {reexecute=0 rethrow=0 return_oop=0}
                      ; - java.lang.invoke.MethodHandles$Lookup::lookupClassProtectionDomain@17 (line 2531)
                      ; - java.lang.invoke.MethodHandles$Lookup$ClassDefiner::defineClass@23 (line 2488)
                      ;   {runtime_call throw_null_pointer_exception Runtime1 stub}
  0x000001e5678e5424: ffe8 36c6 

  0x000001e5678e5428: ; ImmutableOopMap {rcx=Oop [144]=Oop [152]=Oop [160]=Oop [168]=Oop [184]=Oop }
                      ;*invokevirtual protectionDomain {reexecute=0 rethrow=0 return_oop=0}
                      ; - java.lang.System$2::protectionDomain@1 (line 2607)
                      ; - java.lang.invoke.MethodHandles$Lookup::lookupClassProtectionDomain@17 (line 2531)
                      ; - java.lang.invoke.MethodHandles$Lookup$ClassDefiner::defineClass@23 (line 2488)
  0x000001e5678e5428: d6ff 448b | 4618 4983 | f800 0f84 | dafd ffff | 4c89 0424 

  0x000001e5678e543c: ;   {runtime_call g1_pre_barrier_slow}
  0x000001e5678e543c: e81f 1dd7 | ffe9 ccfd | ffff 4883 | f800 0f84 | e3fd ffff | 4889 3424 

  0x000001e5678e5454: ;   {runtime_call g1_post_barrier_slow}
  0x000001e5678e5454: e807 20d7 | ffe9 d5fd 

  0x000001e5678e545c: ;   {runtime_call throw_incompatible_class_change_error Runtime1 stub}
  0x000001e5678e545c: ffff e8fd 

  0x000001e5678e5460: ; ImmutableOopMap {rax=Oop rdi=Oop rbx=Oop r14=Oop rsi=Oop rcx=Oop [152]=Oop [168]=Oop [184]=Oop }
                      ;*invokeinterface defineClass {reexecute=0 rethrow=0 return_oop=0}
                      ; - java.lang.invoke.MethodHandles$Lookup$ClassDefiner::defineClass@57 (line 2492)
                      ;   {runtime_call throw_null_pointer_exception Runtime1 stub}
  0x000001e5678e5460: ecd6 ffe8 

  0x000001e5678e5464: ; ImmutableOopMap {rax=Oop rdi=Oop rbx=Oop r14=Oop rsi=Oop rcx=Oop [152]=Oop [168]=Oop [184]=Oop }
                      ;*invokeinterface defineClass {reexecute=0 rethrow=0 return_oop=0}
                      ; - java.lang.invoke.MethodHandles$Lookup$ClassDefiner::defineClass@57 (line 2492)
  0x000001e5678e5464: f8c5 d6ff 

  0x000001e5678e5468: ;   {runtime_call throw_null_pointer_exception Runtime1 stub}
  0x000001e5678e5468: e8f3 c5d6 

  0x000001e5678e546c: ; ImmutableOopMap {rax=Oop rdx=Oop rsi=Oop [152]=Oop }
                      ;*invokevirtual isEnabled {reexecute=0 rethrow=0 return_oop=0}
                      ; - java.lang.invoke.MethodHandles$Lookup$ClassDefiner::defineClass@105 (line 2497)
                      ;   {runtime_call throw_null_pointer_exception Runtime1 stub}
  0x000001e5678e546c: ffe8 eec5 

  0x000001e5678e5470: ; ImmutableOopMap {rdx=Oop rax=Oop rsi=Oop [152]=Oop }
                      ;*invokevirtual isEnabled {reexecute=0 rethrow=0 return_oop=0}
                      ; - java.lang.invoke.MethodHandles$Lookup$ClassDefiner::defineClass@162 (line 2497)
                      ;   {internal_word}
  0x000001e5678e5470: d6ff 49ba | 9453 8e67 | e501 0000 | 4d89 9760 

  0x000001e5678e5480: ;   {runtime_call SafepointBlob}
  0x000001e5678e5480: 0400 00e9 | 58ff cbff 

  0x000001e5678e5488: ;   {internal_word}
  0x000001e5678e5488: 49ba d453 | 8e67 e501 | 0000 4d89 | 9760 0400 

  0x000001e5678e5498: ;   {runtime_call SafepointBlob}
  0x000001e5678e5498: 00e9 42ff | cbff 498b | 8700 0500 | 0049 c787 | 0005 0000 | 0000 0000 | 49c7 8708 | 0500 0000 
  0x000001e5678e54b8: 0000 0048 | 81c4 e000 

  0x000001e5678e54c0: ;   {runtime_call unwind_exception Runtime1 stub}
  0x000001e5678e54c0: 0000 5de9 | 98b6 d6ff 
[Stub Code]
  0x000001e5678e54c8: ;   {no_reloc}
  0x000001e5678e54c8: 0f1f 4400 

  0x000001e5678e54cc: ;   {static_stub}
  0x000001e5678e54cc: 0048 bb00 | 0000 0000 

  0x000001e5678e54d4: ;   {runtime_call nmethod}
  0x000001e5678e54d4: 0000 00e9 | fbff ffff 

  0x000001e5678e54dc: ;   {static_stub}
  0x000001e5678e54dc: 48bb 706e | 4900 e501 

  0x000001e5678e54e4: ;   {runtime_call I2C/C2I adapters}
  0x000001e5678e54e4: 0000 e9c7 

  0x000001e5678e54e8: ;   {static_stub}
  0x000001e5678e54e8: dccb ff48 | bb00 0000 | 0000 0000 

  0x000001e5678e54f4: ;   {runtime_call nmethod}
  0x000001e5678e54f4: 00e9 fbff 

  0x000001e5678e54f8: ;   {static_stub}
  0x000001e5678e54f8: ffff 48bb | 0000 0000 | 0000 0000 

  0x000001e5678e5504: ;   {runtime_call nmethod}
  0x000001e5678e5504: e9fb ffff 

  0x000001e5678e5508: ;   {runtime_call handle_exception_from_callee Runtime1 stub}
  0x000001e5678e5508: ffe8 52e3 

  0x000001e5678e550c: ;   {external_word}
  0x000001e5678e550c: d6ff 48b9 | 40d5 1012 | fe7f 0000 | 4883 e4f0 

  0x000001e5678e551c: ;   {runtime_call}
  0x000001e5678e551c: 48b8 704a | d711 fe7f | 0000 ffd0 

  0x000001e5678e5528: ;   {section_word}
  0x000001e5678e5528: f449 ba29 | 558e 67e5 | 0100 0041 

  0x000001e5678e5534: ;   {runtime_call DeoptimizationBlob}
  0x000001e5678e5534: 52e9 46f1 | cbff f4f4 | f4f4 f4f4 
[/MachCode]


---------------  P R O C E S S  ---------------

Threads class SMR info:
_java_thread_list=0x000001e546c054c0, length=22, elements={
0x000001e55cb38d10, 0x000001e541131bc0, 0x000001e541133220, 0x000001e5411351f0,
0x000001e541139ee0, 0x000001e54113a940, 0x000001e54113b3a0, 0x000001e54113be00,
0x000001e541240f60, 0x000001e54128c920, 0x000001e5412b4e00, 0x000001e541927fb0,
0x000001e541932150, 0x000001e54185a840, 0x000001e541983830, 0x000001e5419a0210,
0x000001e541a0dce0, 0x000001e541a3c890, 0x000001e541f56560, 0x000001e5466de980,
0x000001e5466ddc60, 0x000001e5466dd5d0
}

Java Threads: ( => current thread )
=>0x000001e55cb38d10 JavaThread "main"                              [_thread_in_vm, id=5168, stack(0x0000003ab4600000,0x0000003ab4700000) (1024K)]
  0x000001e541131bc0 JavaThread "Reference Handler"          daemon [_thread_blocked, id=12296, stack(0x0000003ab4e00000,0x0000003ab4f00000) (1024K)]
  0x000001e541133220 JavaThread "Finalizer"                  daemon [_thread_blocked, id=12496, stack(0x0000003ab4f00000,0x0000003ab5000000) (1024K)]
  0x000001e5411351f0 JavaThread "Signal Dispatcher"          daemon [_thread_blocked, id=8028, stack(0x0000003ab5000000,0x0000003ab5100000) (1024K)]
  0x000001e541139ee0 JavaThread "Attach Listener"            daemon [_thread_blocked, id=13516, stack(0x0000003ab5100000,0x0000003ab5200000) (1024K)]
  0x000001e54113a940 JavaThread "Service Thread"             daemon [_thread_blocked, id=13896, stack(0x0000003ab5200000,0x0000003ab5300000) (1024K)]
  0x000001e54113b3a0 JavaThread "Monitor Deflation Thread"   daemon [_thread_blocked, id=13536, stack(0x0000003ab5300000,0x0000003ab5400000) (1024K)]
  0x000001e54113be00 JavaThread "C1 CompilerThread0"         daemon [_thread_blocked, id=12368, stack(0x0000003ab5400000,0x0000003ab5500000) (1024K)]
  0x000001e541240f60 JavaThread "Common-Cleaner"             daemon [_thread_blocked, id=13640, stack(0x0000003ab5500000,0x0000003ab5600000) (1024K)]
  0x000001e54128c920 JavaThread "Notification Thread"        daemon [_thread_blocked, id=11564, stack(0x0000003ab5600000,0x0000003ab5700000) (1024K)]
  0x000001e5412b4e00 JavaThread "C1 CompilerThread1"         daemon [_thread_blocked, id=12832, stack(0x0000003ab5700000,0x0000003ab5800000) (1024K)]
  0x000001e541927fb0 JavaThread "RMI TCP Accept-0"           daemon [_thread_in_native, id=9588, stack(0x0000003ab5800000,0x0000003ab5900000) (1024K)]
  0x000001e541932150 JavaThread "RMI TCP Accept-53676"       daemon [_thread_in_native, id=13180, stack(0x0000003ab5900000,0x0000003ab5a00000) (1024K)]
  0x000001e54185a840 JavaThread "RMI TCP Connection(1)-127.0.0.1" daemon [_thread_in_native, id=4904, stack(0x0000003ab5d00000,0x0000003ab5e00000) (1024K)]
  0x000001e541983830 JavaThread "RMI TCP Accept-0"           daemon [_thread_in_native, id=9904, stack(0x0000003ab5e00000,0x0000003ab5f00000) (1024K)]
  0x000001e5419a0210 JavaThread "RMI Scheduler(0)"           daemon [_thread_blocked, id=13432, stack(0x0000003ab5f00000,0x0000003ab6000000) (1024K)]
  0x000001e541a0dce0 JavaThread "RMI TCP Connection(2)-127.0.0.1" daemon [_thread_in_native, id=13524, stack(0x0000003ab6000000,0x0000003ab6100000) (1024K)]
  0x000001e541a3c890 JavaThread "JMX server connection timeout 30" daemon [_thread_blocked, id=12524, stack(0x0000003ab6100000,0x0000003ab6200000) (1024K)]
  0x000001e541f56560 JavaThread "Catalina-utility-1"                [_thread_blocked, id=13316, stack(0x0000003ab6200000,0x0000003ab6300000) (1024K)]
  0x000001e5466de980 JavaThread "Catalina-utility-2"                [_thread_blocked, id=9636, stack(0x0000003ab6300000,0x0000003ab6400000) (1024K)]
  0x000001e5466ddc60 JavaThread "container-0"                       [_thread_blocked, id=5988, stack(0x0000003ab6400000,0x0000003ab6500000) (1024K)]
  0x000001e5466dd5d0 JavaThread "mysql-cj-abandoned-connection-cleanup" daemon [_thread_blocked, id=9564, stack(0x0000003ab6500000,0x0000003ab6600000) (1024K)]
Total: 22

Other Threads:
  0x000001e55eedd690 VMThread "VM Thread"                           [id=9960, stack(0x0000003ab4d00000,0x0000003ab4e00000) (1024K)]
  0x000001e55eecdaa0 WatcherThread "VM Periodic Task Thread"        [id=12920, stack(0x0000003ab4c00000,0x0000003ab4d00000) (1024K)]
  0x000001e55ee5c160 WorkerThread "GC Thread#0"                     [id=1228, stack(0x0000003ab4700000,0x0000003ab4800000) (1024K)]
  0x000001e54193ab90 WorkerThread "GC Thread#1"                     [id=11444, stack(0x0000003ab5a00000,0x0000003ab5b00000) (1024K)]
  0x000001e54194eb70 WorkerThread "GC Thread#2"                     [id=9532, stack(0x0000003ab5b00000,0x0000003ab5c00000) (1024K)]
  0x000001e54194f330 WorkerThread "GC Thread#3"                     [id=8012, stack(0x0000003ab5c00000,0x0000003ab5d00000) (1024K)]
  0x000001e55ee66960 ConcurrentGCThread "G1 Main Marker"            [id=1408, stack(0x0000003ab4800000,0x0000003ab4900000) (1024K)]
  0x000001e55ee67dc0 WorkerThread "G1 Conc#0"                       [id=12600, stack(0x0000003ab4900000,0x0000003ab4a00000) (1024K)]
  0x000001e55eebb010 ConcurrentGCThread "G1 Refine#0"               [id=8584, stack(0x0000003ab4a00000,0x0000003ab4b00000) (1024K)]
  0x000001e55eebbb90 ConcurrentGCThread "G1 Service"                [id=12552, stack(0x0000003ab4b00000,0x0000003ab4c00000) (1024K)]
Total: 10

Threads with active compile tasks:
Total: 0

VM state: not at safepoint (normal execution)

VM Mutex/Monitor currently owned by a thread:  ([mutex/lock_event])
[0x00007ffe123b1890] Metaspace_lock - owner thread: 0x000001e55cb38d10

Heap address: 0x00000000c9c00000, size: 868 MB, Compressed Oops mode: 32-bit

CDS archive(s) mapped at: [0x000001e500000000-0x000001e500d70000-0x000001e500d70000), size 14090240, SharedBaseAddress: 0x000001e500000000, ArchiveRelocationMode: 1.
Compressed class space mapped at: 0x000001e501000000-0x000001e541000000, reserved size: 1073741824
Narrow klass base: 0x000001e500000000, Narrow klass shift: 0, Narrow klass range: 0x41000000

GC Precious Log:
 CardTable entry size: 512
 Card Set container configuration: InlinePtr #cards 5 size 8 Array Of Cards #cards 10 size 36 Howl #buckets 4 coarsen threshold 1843 Howl Bitmap #cards 512 size 80 coarsen threshold 460 Card regions per heap region 1 cards per card region 2048
 CPUs: 4 total, 4 available
 Memory: 3470M
 Large Page Support: Disabled
 NUMA Support: Disabled
 Compressed Oops: Enabled (32-bit)
 Heap Region Size: 1M
 Heap Min Capacity: 8M
 Heap Initial Capacity: 56M
 Heap Max Capacity: 868M
 Pre-touch: Disabled
 Parallel Workers: 4
 Concurrent Workers: 1
 Concurrent Refinement Workers: 4
 Periodic GC: Disabled

Heap:
 garbage-first heap   total reserved 888832K, committed 51200K, used 29900K [0x00000000c9c00000, 0x0000000100000000)
  region size 1024K, 13 young (13312K), 2 survivors (2048K)
 Metaspace       used 38241K, committed 38720K, reserved 1114112K
  class space    used 5494K, committed 5696K, reserved 1048576K

Heap Regions: E=young(eden), S=young(survivor), O=old, HS=humongous(starts), HC=humongous(continues), CS=collection set, F=free, TAMS=top-at-mark-start, PB=parsable bottom
|   0|0x00000000c9c00000, 0x00000000c9d00000, 0x00000000c9d00000|100%|HS|  |TAMS 0x00000000c9c00000| PB 0x00000000c9c00000| Complete |  0
|   1|0x00000000c9d00000, 0x00000000c9e00000, 0x00000000c9e00000|100%|HS|  |TAMS 0x00000000c9d00000| PB 0x00000000c9d00000| Complete |  0
|   2|0x00000000c9e00000, 0x00000000c9f00000, 0x00000000c9f00000|100%| O|  |TAMS 0x00000000c9e00000| PB 0x00000000c9e00000| Untracked |  0
|   3|0x00000000c9f00000, 0x00000000ca000000, 0x00000000ca000000|100%| O|  |TAMS 0x00000000c9f00000| PB 0x00000000c9f00000| Untracked |  0
|   4|0x00000000ca000000, 0x00000000ca100000, 0x00000000ca100000|100%| O|  |TAMS 0x00000000ca000000| PB 0x00000000ca000000| Untracked |  0
|   5|0x00000000ca100000, 0x00000000ca200000, 0x00000000ca200000|100%| O|  |TAMS 0x00000000ca100000| PB 0x00000000ca100000| Untracked |  0
|   6|0x00000000ca200000, 0x00000000ca300000, 0x00000000ca300000|100%| O|  |TAMS 0x00000000ca200000| PB 0x00000000ca200000| Untracked |  0
|   7|0x00000000ca300000, 0x00000000ca400000, 0x00000000ca400000|100%| O|  |TAMS 0x00000000ca300000| PB 0x00000000ca300000| Untracked |  0
|   8|0x00000000ca400000, 0x00000000ca500000, 0x00000000ca500000|100%| O|  |TAMS 0x00000000ca400000| PB 0x00000000ca400000| Untracked |  0
|   9|0x00000000ca500000, 0x00000000ca600000, 0x00000000ca600000|100%| O|  |TAMS 0x00000000ca500000| PB 0x00000000ca500000| Untracked |  0
|  10|0x00000000ca600000, 0x00000000ca6487e0, 0x00000000ca700000| 28%| O|Cm|TAMS 0x00000000ca600000| PB 0x00000000ca600000| Complete |  0
|  11|0x00000000ca700000, 0x00000000ca800000, 0x00000000ca800000|100%| O|  |TAMS 0x00000000ca700000| PB 0x00000000ca700000| Untracked |  0
|  12|0x00000000ca800000, 0x00000000ca900000, 0x00000000ca900000|100%| O|  |TAMS 0x00000000ca800000| PB 0x00000000ca800000| Untracked |  0
|  13|0x00000000ca900000, 0x00000000caa00000, 0x00000000caa00000|100%| O|  |TAMS 0x00000000ca900000| PB 0x00000000ca900000| Untracked |  0
|  14|0x00000000caa00000, 0x00000000cab00000, 0x00000000cab00000|100%| O|  |TAMS 0x00000000caa00000| PB 0x00000000caa00000| Untracked |  0
|  15|0x00000000cab00000, 0x00000000cac00000, 0x00000000cac00000|100%| O|  |TAMS 0x00000000cab00000| PB 0x00000000cab00000| Untracked |  0
|  16|0x00000000cac00000, 0x00000000cad00000, 0x00000000cad00000|100%| O|  |TAMS 0x00000000cac00000| PB 0x00000000cac00000| Untracked |  0
|  17|0x00000000cad00000, 0x00000000cae00000, 0x00000000cae00000|100%| O|  |TAMS 0x00000000cad00000| PB 0x00000000cad00000| Untracked |  0
|  18|0x00000000cae00000, 0x00000000caf00000, 0x00000000caf00000|100%| O|  |TAMS 0x00000000cae00000| PB 0x00000000cae00000| Untracked |  0
|  19|0x00000000caf00000, 0x00000000cafdb1a0, 0x00000000cb000000| 85%| O|  |TAMS 0x00000000caf00000| PB 0x00000000caf00000| Untracked |  0
|  20|0x00000000cb000000, 0x00000000cb000000, 0x00000000cb100000|  0%| F|  |TAMS 0x00000000cb000000| PB 0x00000000cb000000| Untracked |  0
|  21|0x00000000cb100000, 0x00000000cb100000, 0x00000000cb200000|  0%| F|  |TAMS 0x00000000cb100000| PB 0x00000000cb100000| Untracked |  0
|  22|0x00000000cb200000, 0x00000000cb200000, 0x00000000cb300000|  0%| F|  |TAMS 0x00000000cb200000| PB 0x00000000cb200000| Untracked |  0
|  23|0x00000000cb300000, 0x00000000cb300000, 0x00000000cb400000|  0%| F|  |TAMS 0x00000000cb300000| PB 0x00000000cb300000| Untracked |  0
|  24|0x00000000cb400000, 0x00000000cb400000, 0x00000000cb500000|  0%| F|  |TAMS 0x00000000cb400000| PB 0x00000000cb400000| Untracked |  0
|  25|0x00000000cb500000, 0x00000000cb500000, 0x00000000cb600000|  0%| F|  |TAMS 0x00000000cb500000| PB 0x00000000cb500000| Untracked |  0
|  26|0x00000000cb600000, 0x00000000cb600000, 0x00000000cb700000|  0%| F|  |TAMS 0x00000000cb600000| PB 0x00000000cb600000| Untracked |  0
|  27|0x00000000cb700000, 0x00000000cb700000, 0x00000000cb800000|  0%| F|  |TAMS 0x00000000cb700000| PB 0x00000000cb700000| Untracked |  0
|  28|0x00000000cb800000, 0x00000000cb800000, 0x00000000cb900000|  0%| F|  |TAMS 0x00000000cb800000| PB 0x00000000cb800000| Untracked |  0
|  29|0x00000000cb900000, 0x00000000cb900000, 0x00000000cba00000|  0%| F|  |TAMS 0x00000000cb900000| PB 0x00000000cb900000| Untracked |  0
|  30|0x00000000cba00000, 0x00000000cba00000, 0x00000000cbb00000|  0%| F|  |TAMS 0x00000000cba00000| PB 0x00000000cba00000| Untracked |  0
|  31|0x00000000cbb00000, 0x00000000cbb00000, 0x00000000cbc00000|  0%| F|  |TAMS 0x00000000cbb00000| PB 0x00000000cbb00000| Untracked |  0
|  32|0x00000000cbc00000, 0x00000000cbc00000, 0x00000000cbd00000|  0%| F|  |TAMS 0x00000000cbc00000| PB 0x00000000cbc00000| Untracked |  0
|  33|0x00000000cbd00000, 0x00000000cbd00000, 0x00000000cbe00000|  0%| F|  |TAMS 0x00000000cbd00000| PB 0x00000000cbd00000| Untracked |  0
|  34|0x00000000cbe00000, 0x00000000cbe00000, 0x00000000cbf00000|  0%| F|  |TAMS 0x00000000cbe00000| PB 0x00000000cbe00000| Untracked |  0
|  35|0x00000000cbf00000, 0x00000000cbf00000, 0x00000000cc000000|  0%| F|  |TAMS 0x00000000cbf00000| PB 0x00000000cbf00000| Untracked |  0
|  36|0x00000000cc000000, 0x00000000cc000000, 0x00000000cc100000|  0%| F|  |TAMS 0x00000000cc000000| PB 0x00000000cc000000| Untracked |  0
|  37|0x00000000cc100000, 0x00000000cc1cdde0, 0x00000000cc200000| 80%| E|  |TAMS 0x00000000cc100000| PB 0x00000000cc100000| Complete |  0
|  38|0x00000000cc200000, 0x00000000cc300000, 0x00000000cc300000|100%| E|CS|TAMS 0x00000000cc200000| PB 0x00000000cc200000| Complete |  0
|  39|0x00000000cc300000, 0x00000000cc400000, 0x00000000cc400000|100%| E|  |TAMS 0x00000000cc300000| PB 0x00000000cc300000| Complete |  0
|  40|0x00000000cc400000, 0x00000000cc500000, 0x00000000cc500000|100%| E|CS|TAMS 0x00000000cc400000| PB 0x00000000cc400000| Complete |  0
|  41|0x00000000cc500000, 0x00000000cc600000, 0x00000000cc600000|100%| E|CS|TAMS 0x00000000cc500000| PB 0x00000000cc500000| Complete |  0
|  42|0x00000000cc600000, 0x00000000cc700000, 0x00000000cc700000|100%| E|CS|TAMS 0x00000000cc600000| PB 0x00000000cc600000| Complete |  0
|  43|0x00000000cc700000, 0x00000000cc800000, 0x00000000cc800000|100%| E|CS|TAMS 0x00000000cc700000| PB 0x00000000cc700000| Complete |  0
|  44|0x00000000cc800000, 0x00000000cc900000, 0x00000000cc900000|100%| E|CS|TAMS 0x00000000cc800000| PB 0x00000000cc800000| Complete |  0
|  45|0x00000000cc900000, 0x00000000cca00000, 0x00000000cca00000|100%| E|CS|TAMS 0x00000000cc900000| PB 0x00000000cc900000| Complete |  0
|  46|0x00000000cca00000, 0x00000000ccb00000, 0x00000000ccb00000|100%| E|CS|TAMS 0x00000000cca00000| PB 0x00000000cca00000| Complete |  0
|  47|0x00000000ccb00000, 0x00000000ccb0f990, 0x00000000ccc00000|  6%| S|CS|TAMS 0x00000000ccb00000| PB 0x00000000ccb00000| Complete |  0
|  48|0x00000000ccc00000, 0x00000000ccd00000, 0x00000000ccd00000|100%| S|CS|TAMS 0x00000000ccc00000| PB 0x00000000ccc00000| Complete |  0
|  55|0x00000000cd300000, 0x00000000cd400000, 0x00000000cd400000|100%| E|CS|TAMS 0x00000000cd300000| PB 0x00000000cd300000| Complete |  0

Card table byte_map: [0x000001e56a550000,0x000001e56a710000] _byte_map_base: 0x000001e569f02000

Marking Bits: (CMBitMap*) 0x000001e55ee5c870
 Bits: [0x000001e56a710000, 0x000001e56b4a0000)

Polling page: 0x000001e55ccd0000

Metaspace:

Usage:
  Non-class:     31.98 MB used.
      Class:      5.37 MB used.
       Both:     37.34 MB used.

Virtual space:
  Non-class space:       64.00 MB reserved,      32.25 MB ( 50%) committed,  1 nodes.
      Class space:        1.00 GB reserved,       5.56 MB ( <1%) committed,  1 nodes.
             Both:        1.06 GB reserved,      37.81 MB (  3%) committed. 

Chunk freelists:
   Non-Class:  15.55 MB
       Class:  10.34 MB
        Both:  25.89 MB

MaxMetaspaceSize: unlimited
CompressedClassSpaceSize: 1.00 GB
Initial GC threshold: 21.00 MB
Current GC threshold: 58.75 MB
CDS: on
 - commit_granule_bytes: 65536.
 - commit_granule_words: 8192.
 - virtual_space_node_default_size: 8388608.
 - enlarge_chunks_in_place: 1.
 - use_allocation_guard: 0.


Internal statistics:

num_allocs_failed_limit: 6.
num_arena_births: 626.
num_arena_deaths: 2.
num_vsnodes_births: 2.
num_vsnodes_deaths: 0.
num_space_committed: 605.
num_space_uncommitted: 0.
num_chunks_returned_to_freelist: 8.
num_chunks_taken_from_freelist: 1847.
num_chunk_merges: 6.
num_chunk_splits: 1353.
num_chunks_enlarged: 1052.
num_inconsistent_stats: 0.

CodeCache: size=49152Kb used=7350Kb max_used=7350Kb free=41802Kb
 bounds [0x000001e567550000, 0x000001e567c80000, 0x000001e56a550000]
 total_blobs=5171, nmethods=4574, adapters=521, full_count=0
Compilation: enabled, stopped_count=0, restarted_count=0

Compilation events (20 events):
Event: 17.244 Thread 0x000001e54113be00 4606       1       java.util.ResourceBundle::getString (9 bytes)
Event: 17.245 Thread 0x000001e5412b4e00 4607  s    1       java.lang.StringBuffer::append (15 bytes)
Event: 17.245 Thread 0x000001e54113be00 nmethod 4606 0x000001e56790a388 code [0x000001e56790a4a0, 0x000001e56790a5b8]
Event: 17.245 Thread 0x000001e5412b4e00 nmethod 4607 0x000001e567909f88 code [0x000001e56790a0a0, 0x000001e56790a320]
Event: 17.245 Thread 0x000001e5412b4e00 4608       1       java.text.Format::<init> (5 bytes)
Event: 17.245 Thread 0x000001e5412b4e00 nmethod 4608 0x000001e567909c88 code [0x000001e567909da0, 0x000001e567909e68]
Event: 17.245 Thread 0x000001e5412b4e00 4609       1       java.util.PropertyResourceBundle::handleGetObject (23 bytes)
Event: 17.245 Thread 0x000001e54113be00 4610       1       com.mysql.cj.conf.AbstractPropertyDefinition::getPropertyKey (5 bytes)
Event: 17.246 Thread 0x000001e5412b4e00 nmethod 4609 0x000001e567909988 code [0x000001e567909ac0, 0x000001e567909c58]
Event: 17.246 Thread 0x000001e54113be00 nmethod 4610 0x000001e567909688 code [0x000001e5679097a0, 0x000001e567909868]
Event: 17.249 Thread 0x000001e54113be00 4611       1       com.mysql.cj.conf.AbstractPropertyDefinition::getDefaultValue (5 bytes)
Event: 17.249 Thread 0x000001e5412b4e00 4612       1       com.mysql.cj.conf.AbstractRuntimeProperty::getPropertyDefinition (5 bytes)
Event: 17.249 Thread 0x000001e54113be00 nmethod 4611 0x000001e567909388 code [0x000001e5679094a0, 0x000001e567909568]
Event: 17.249 Thread 0x000001e5412b4e00 nmethod 4612 0x000001e5678cab88 code [0x000001e5678caca0, 0x000001e5678cad68]
Event: 17.250 Thread 0x000001e54113be00 4613       1       com.mysql.cj.conf.AbstractPropertyDefinition::getName (5 bytes)
Event: 17.250 Thread 0x000001e5412b4e00 4614       1       com.mysql.cj.conf.AbstractPropertyDefinition::getCcAlias (5 bytes)
Event: 17.250 Thread 0x000001e5412b4e00 nmethod 4614 0x000001e5678ca888 code [0x000001e5678ca9a0, 0x000001e5678caa68]
Event: 17.250 Thread 0x000001e54113be00 nmethod 4613 0x000001e5678ca588 code [0x000001e5678ca6a0, 0x000001e5678ca768]
Event: 17.398 Thread 0x000001e54113be00 4615   !   1       com.mysql.cj.conf.DefaultPropertySet::getProperty (52 bytes)
Event: 17.398 Thread 0x000001e54113be00 nmethod 4615 0x000001e5678c9c08 code [0x000001e5678c9d60, 0x000001e5678c9ff8]

GC Heap History (20 events):
Event: 2.608 GC heap before
{Heap before GC invocations=0 (full 0):
 garbage-first heap   total reserved 888832K, committed 57344K, used 16384K [0x00000000c9c00000, 0x0000000100000000)
  region size 1024K, 14 young (14336K), 0 survivors (0K)
 Metaspace       used 4827K, committed 4992K, reserved 1114112K
  class space    used 611K, committed 704K, reserved 1048576K
}
Event: 2.618 GC heap after
{Heap after GC invocations=1 (full 0):
 garbage-first heap   total reserved 888832K, committed 57344K, used 7082K [0x00000000c9c00000, 0x0000000100000000)
  region size 1024K, 2 young (2048K), 2 survivors (2048K)
 Metaspace       used 4827K, committed 4992K, reserved 1114112K
  class space    used 611K, committed 704K, reserved 1048576K
}
Event: 3.632 GC heap before
{Heap before GC invocations=1 (full 0):
 garbage-first heap   total reserved 888832K, committed 57344K, used 17322K [0x00000000c9c00000, 0x0000000100000000)
  region size 1024K, 13 young (13312K), 2 survivors (2048K)
 Metaspace       used 8042K, committed 8256K, reserved 1114112K
  class space    used 1059K, committed 1152K, reserved 1048576K
}
Event: 3.640 GC heap after
{Heap after GC invocations=2 (full 0):
 garbage-first heap   total reserved 888832K, committed 57344K, used 8793K [0x00000000c9c00000, 0x0000000100000000)
  region size 1024K, 2 young (2048K), 2 survivors (2048K)
 Metaspace       used 8042K, committed 8256K, reserved 1114112K
  class space    used 1059K, committed 1152K, reserved 1048576K
}
Event: 4.563 GC heap before
{Heap before GC invocations=2 (full 0):
 garbage-first heap   total reserved 888832K, committed 57344K, used 30297K [0x00000000c9c00000, 0x0000000100000000)
  region size 1024K, 24 young (24576K), 2 survivors (2048K)
 Metaspace       used 14413K, committed 14784K, reserved 1114112K
  class space    used 2007K, committed 2176K, reserved 1048576K
}
Event: 4.569 GC heap after
{Heap after GC invocations=3 (full 0):
 garbage-first heap   total reserved 888832K, committed 57344K, used 10763K [0x00000000c9c00000, 0x0000000100000000)
  region size 1024K, 2 young (2048K), 2 survivors (2048K)
 Metaspace       used 14413K, committed 14784K, reserved 1114112K
  class space    used 2007K, committed 2176K, reserved 1048576K
}
Event: 5.250 GC heap before
{Heap before GC invocations=3 (full 0):
 garbage-first heap   total reserved 888832K, committed 57344K, used 33291K [0x00000000c9c00000, 0x0000000100000000)
  region size 1024K, 25 young (25600K), 2 survivors (2048K)
 Metaspace       used 19457K, committed 19840K, reserved 1114112K
  class space    used 2668K, committed 2816K, reserved 1048576K
}
Event: 5.256 GC heap after
{Heap after GC invocations=4 (full 0):
 garbage-first heap   total reserved 888832K, committed 57344K, used 12142K [0x00000000c9c00000, 0x0000000100000000)
  region size 1024K, 4 young (4096K), 4 survivors (4096K)
 Metaspace       used 19457K, committed 19840K, reserved 1114112K
  class space    used 2668K, committed 2816K, reserved 1048576K
}
Event: 5.868 GC heap before
{Heap before GC invocations=4 (full 0):
 garbage-first heap   total reserved 888832K, committed 57344K, used 22382K [0x00000000c9c00000, 0x0000000100000000)
  region size 1024K, 15 young (15360K), 4 survivors (4096K)
 Metaspace       used 21168K, committed 21504K, reserved 1114112K
  class space    used 2884K, committed 3008K, reserved 1048576K
}
Event: 5.877 GC heap after
{Heap after GC invocations=5 (full 0):
 garbage-first heap   total reserved 888832K, committed 57344K, used 13963K [0x00000000c9c00000, 0x0000000100000000)
  region size 1024K, 4 young (4096K), 4 survivors (4096K)
 Metaspace       used 21168K, committed 21504K, reserved 1114112K
  class space    used 2884K, committed 3008K, reserved 1048576K
}
Event: 9.963 GC heap before
{Heap before GC invocations=6 (full 0):
 garbage-first heap   total reserved 888832K, committed 51200K, used 39563K [0x00000000c9c00000, 0x0000000100000000)
  region size 1024K, 29 young (29696K), 4 survivors (4096K)
 Metaspace       used 23895K, committed 24256K, reserved 1114112K
  class space    used 3302K, committed 3456K, reserved 1048576K
}
Event: 9.977 GC heap after
{Heap after GC invocations=7 (full 0):
 garbage-first heap   total reserved 888832K, committed 51200K, used 15492K [0x00000000c9c00000, 0x0000000100000000)
  region size 1024K, 4 young (4096K), 4 survivors (4096K)
 Metaspace       used 23895K, committed 24256K, reserved 1114112K
  class space    used 3302K, committed 3456K, reserved 1048576K
}
Event: 12.515 GC heap before
{Heap before GC invocations=7 (full 0):
 garbage-first heap   total reserved 888832K, committed 51200K, used 36996K [0x00000000c9c00000, 0x0000000100000000)
  region size 1024K, 25 young (25600K), 4 survivors (4096K)
 Metaspace       used 26679K, committed 27072K, reserved 1114112K
  class space    used 3804K, committed 3968K, reserved 1048576K
}
Event: 12.544 GC heap after
{Heap after GC invocations=8 (full 0):
 garbage-first heap   total reserved 888832K, committed 51200K, used 17447K [0x00000000c9c00000, 0x0000000100000000)
  region size 1024K, 4 young (4096K), 4 survivors (4096K)
 Metaspace       used 26679K, committed 27072K, reserved 1114112K
  class space    used 3804K, committed 3968K, reserved 1048576K
}
Event: 13.437 GC heap before
{Heap before GC invocations=8 (full 0):
 garbage-first heap   total reserved 888832K, committed 51200K, used 37927K [0x00000000c9c00000, 0x0000000100000000)
  region size 1024K, 25 young (25600K), 4 survivors (4096K)
 Metaspace       used 29917K, committed 30400K, reserved 1114112K
  class space    used 4243K, committed 4480K, reserved 1048576K
}
Event: 13.451 GC heap after
{Heap after GC invocations=9 (full 0):
 garbage-first heap   total reserved 888832K, committed 51200K, used 19688K [0x00000000c9c00000, 0x0000000100000000)
  region size 1024K, 2 young (2048K), 2 survivors (2048K)
 Metaspace       used 29917K, committed 30400K, reserved 1114112K
  class space    used 4243K, committed 4480K, reserved 1048576K
}
Event: 16.653 GC heap before
{Heap before GC invocations=9 (full 0):
 garbage-first heap   total reserved 888832K, committed 51200K, used 40168K [0x00000000c9c00000, 0x0000000100000000)
  region size 1024K, 23 young (23552K), 2 survivors (2048K)
 Metaspace       used 35380K, committed 35840K, reserved 1114112K
  class space    used 5109K, committed 5312K, reserved 1048576K
}
Event: 16.660 GC heap after
{Heap after GC invocations=10 (full 0):
 garbage-first heap   total reserved 888832K, committed 51200K, used 20730K [0x00000000c9c00000, 0x0000000100000000)
  region size 1024K, 2 young (2048K), 2 survivors (2048K)
 Metaspace       used 35380K, committed 35840K, reserved 1114112K
  class space    used 5109K, committed 5312K, reserved 1048576K
}
Event: 16.681 GC heap before
{Heap before GC invocations=10 (full 0):
 garbage-first heap   total reserved 888832K, committed 51200K, used 20730K [0x00000000c9c00000, 0x0000000100000000)
  region size 1024K, 3 young (3072K), 2 survivors (2048K)
 Metaspace       used 35498K, committed 35968K, reserved 1114112K
  class space    used 5135K, committed 5376K, reserved 1048576K
}
Event: 16.685 GC heap after
{Heap after GC invocations=11 (full 0):
 garbage-first heap   total reserved 888832K, committed 51200K, used 20684K [0x00000000c9c00000, 0x0000000100000000)
  region size 1024K, 2 young (2048K), 2 survivors (2048K)
 Metaspace       used 35498K, committed 35968K, reserved 1114112K
  class space    used 5135K, committed 5376K, reserved 1048576K
}

Dll operation events (10 events):
Event: 0.091 Loaded shared library C:\Program Files\Java\jdk-23\bin\java.dll
Event: 1.138 Loaded shared library C:\Program Files\Java\jdk-23\bin\jimage.dll
Event: 1.164 Loaded shared library C:\Program Files\Java\jdk-23\bin\net.dll
Event: 1.187 Loaded shared library C:\Program Files\Java\jdk-23\bin\nio.dll
Event: 1.196 Loaded shared library C:\Program Files\Java\jdk-23\bin\zip.dll
Event: 1.348 Loaded shared library C:\Program Files\Java\jdk-23\bin\management.dll
Event: 1.405 Loaded shared library C:\Program Files\Java\jdk-23\bin\management_ext.dll
Event: 2.577 Loaded shared library C:\Program Files\Java\jdk-23\bin\extnet.dll
Event: 5.762 Loaded shared library C:\Program Files\Java\jdk-23\bin\sunmscapi.dll
Event: 16.047 Loaded shared library C:\Program Files\Java\jdk-23\bin\verify.dll

Deoptimization events (2 events):
Event: 11.898 Thread 0x000001e55cb38d10 DEOPT PACKING pc=0x000001e567b36cc4 sp=0x0000003ab46fbd70
Event: 11.898 Thread 0x000001e55cb38d10 DEOPT UNPACKING pc=0x000001e5675a4b22 sp=0x0000003ab46fb230 mode 0

Classes loaded (20 events):
Event: 17.431 Loading class java/net/SocksSocketImpl$3
Event: 17.431 Loading class java/net/SocksSocketImpl$3 done
Event: 17.431 Loading class java/net/ProxySelector
Event: 17.433 Loading class java/net/ProxySelector done
Event: 17.433 Loading class sun/net/spi/DefaultProxySelector
Event: 17.434 Loading class sun/net/spi/DefaultProxySelector done
Event: 17.434 Loading class java/net/Proxy
Event: 17.435 Loading class java/net/Proxy done
Event: 17.435 Loading class java/net/Proxy$Type
Event: 17.435 Loading class java/net/Proxy$Type done
Event: 17.435 Loading class sun/net/spi/DefaultProxySelector$1
Event: 17.437 Loading class sun/net/spi/DefaultProxySelector$1 done
Event: 17.437 Loading class sun/net/NetProperties
Event: 17.438 Loading class sun/net/NetProperties done
Event: 17.438 Loading class sun/net/NetProperties$1
Event: 17.438 Loading class sun/net/NetProperties$1 done
Event: 17.442 Loading class sun/net/spi/DefaultProxySelector$NonProxyInfo
Event: 17.443 Loading class sun/net/spi/DefaultProxySelector$NonProxyInfo done
Event: 17.443 Loading class sun/net/spi/DefaultProxySelector$3
Event: 17.443 Loading class sun/net/spi/DefaultProxySelector$3 done

Classes unloaded (1 events):
Event: 5.897 Thread 0x000001e55eedd690 Unloading class 0x000001e5010dc000 'java/lang/invoke/LambdaForm$DMH+0x000001e5010dc000'

Classes redefined (0 events):
No events

Internal exceptions (20 events):
Event: 10.624 Thread 0x000001e55cb38d10 Exception <a 'java/lang/NoSuchMethodError'{0x00000000cc25fd10}: 'java.lang.Object java.lang.invoke.DirectMethodHandle$Holder.invokeStatic(java.lang.Object, java.lang.Object, java.lang.Object, java.lang.Object, int)'> (0x00000000cc25fd10) 
thrown [s\open\src\hotspot\share\interpreter\linkResolver.cpp, line 796]
Event: 10.624 Thread 0x000001e55cb38d10 Exception <a 'java/lang/NoSuchMethodError'{0x00000000cc267948}: 'void java.lang.invoke.DelegatingMethodHandle$Holder.reinvoke_L(java.lang.Object, java.lang.Object, int)'> (0x00000000cc267948) 
thrown [s\open\src\hotspot\share\interpreter\linkResolver.cpp, line 796]
Event: 12.123 Thread 0x000001e55cb38d10 Exception <a 'java/lang/NoSuchMethodError'{0x00000000cbff9110}: 'java.lang.Object java.lang.invoke.DirectMethodHandle$Holder.invokeVirtual(java.lang.Object, java.lang.Object, java.lang.Object, java.lang.Object, java.lang.Object)'> (0x00000000cbff9110) 
thrown [s\open\src\hotspot\share\interpreter\linkResolver.cpp, line 796]
Event: 12.367 Thread 0x000001e55cb38d10 Exception <a 'java/lang/NoSuchMethodError'{0x00000000cbc9b4f8}: 'java.lang.Object java.lang.invoke.DirectMethodHandle$Holder.invokeVirtual(java.lang.Object, java.lang.Object, java.lang.Object, java.lang.Object, java.lang.Object, java.lang.Object)'> (0x00000000cbc9b4f8) 
thrown [s\open\src\hotspot\share\interpreter\linkResolver.cpp, line 796]
Event: 12.416 Thread 0x000001e55cb38d10 Exception <a 'java/lang/NoSuchMethodError'{0x00000000cbbcd590}: 'void java.lang.invoke.DirectMethodHandle$Holder.invokeInterface(java.lang.Object, java.lang.Object, int)'> (0x00000000cbbcd590) 
thrown [s\open\src\hotspot\share\interpreter\linkResolver.cpp, line 796]
Event: 12.419 Thread 0x000001e55cb38d10 Exception <a 'java/lang/NoSuchMethodError'{0x00000000cbbe3b10}: 'int java.lang.invoke.DirectMethodHandle$Holder.invokeVirtual(java.lang.Object, java.lang.Object)'> (0x00000000cbbe3b10) 
thrown [s\open\src\hotspot\share\interpreter\linkResolver.cpp, line 796]
Event: 12.424 Thread 0x000001e55cb38d10 Exception <a 'java/lang/IncompatibleClassChangeError'{0x00000000cba14788}: Found class java.lang.Object, but interface was expected> (0x00000000cba14788) 
thrown [s\open\src\hotspot\share\interpreter\linkResolver.cpp, line 863]
Event: 12.484 Thread 0x000001e55cb38d10 Exception <a 'java/lang/NoSuchMethodError'{0x00000000cbac8d20}: 'int java.lang.invoke.DirectMethodHandle$Holder.invokeSpecial(java.lang.Object, java.lang.Object, int)'> (0x00000000cbac8d20) 
thrown [s\open\src\hotspot\share\interpreter\linkResolver.cpp, line 796]
Event: 12.487 Thread 0x000001e55cb38d10 Exception <a 'java/lang/NoSuchMethodError'{0x00000000cbad8410}: 'void java.lang.invoke.DirectMethodHandle$Holder.invokeStatic(java.lang.Object, java.lang.Object, java.lang.Object, int, java.lang.Object)'> (0x00000000cbad8410) 
thrown [s\open\src\hotspot\share\interpreter\linkResolver.cpp, line 796]
Event: 12.488 Thread 0x000001e55cb38d10 Exception <a 'java/lang/NoSuchMethodError'{0x00000000cbadedf0}: 'java.lang.Object java.lang.invoke.DirectMethodHandle$Holder.newInvokeSpecial(java.lang.Object, java.lang.Object, java.lang.Object, int)'> (0x00000000cbadedf0) 
thrown [s\open\src\hotspot\share\interpreter\linkResolver.cpp, line 796]
Event: 12.488 Thread 0x000001e55cb38d10 Exception <a 'java/lang/NoSuchMethodError'{0x00000000cbae2c88}: 'java.lang.Object java.lang.invoke.DirectMethodHandle$Holder.invokeSpecial(java.lang.Object, java.lang.Object, java.lang.Object, java.lang.Object, int)'> (0x00000000cbae2c88) 
thrown [s\open\src\hotspot\share\interpreter\linkResolver.cpp, line 796]
Event: 12.488 Thread 0x000001e55cb38d10 Exception <a 'java/lang/NoSuchMethodError'{0x00000000cbae6138}: 'java.lang.Object java.lang.invoke.Invokers$Holder.linkToTargetMethod(java.lang.Object, java.lang.Object, int, java.lang.Object)'> (0x00000000cbae6138) 
thrown [s\open\src\hotspot\share\interpreter\linkResolver.cpp, line 796]
Event: 12.899 Thread 0x000001e55cb38d10 Exception <a 'java/lang/NoSuchMethodError'{0x00000000cc619308}: 'int java.lang.invoke.DirectMethodHandle$Holder.invokeVirtual(java.lang.Object, java.lang.Object, java.lang.Object, java.lang.Object)'> (0x00000000cc619308) 
thrown [s\open\src\hotspot\share\interpreter\linkResolver.cpp, line 796]
Event: 12.900 Thread 0x000001e55cb38d10 Exception <a 'java/lang/NoSuchMethodError'{0x00000000cc61ce08}: 'int java.lang.invoke.DelegatingMethodHandle$Holder.reinvoke_L(java.lang.Object, java.lang.Object, java.lang.Object, java.lang.Object)'> (0x00000000cc61ce08) 
thrown [s\open\src\hotspot\share\interpreter\linkResolver.cpp, line 796]
Event: 12.956 Thread 0x000001e55cb38d10 Exception <a 'java/io/FileNotFoundException'{0x00000000cc52b140}> (0x00000000cc52b140) 
thrown [s\open\src\hotspot\share\prims\jni.cpp, line 520]
Event: 13.031 Thread 0x000001e55cb38d10 Exception <a 'java/lang/NoSuchMethodError'{0x00000000cc3a8a10}: 'int java.lang.invoke.DirectMethodHandle$Holder.invokeInterface(java.lang.Object, java.lang.Object, java.lang.Object, java.lang.Object)'> (0x00000000cc3a8a10) 
thrown [s\open\src\hotspot\share\interpreter\linkResolver.cpp, line 796]
Event: 13.095 Thread 0x000001e55cb38d10 Exception <a 'java/lang/NoSuchMethodError'{0x00000000cc1b98d0}: 'long java.lang.invoke.DirectMethodHandle$Holder.invokeVirtual(java.lang.Object, java.lang.Object)'> (0x00000000cc1b98d0) 
thrown [s\open\src\hotspot\share\interpreter\linkResolver.cpp, line 796]
Event: 13.181 Thread 0x000001e55cb38d10 Exception <a 'java/lang/NoSuchMethodError'{0x00000000cbcd1130}: 'java.lang.Object java.lang.invoke.DirectMethodHandle$Holder.newInvokeSpecial(java.lang.Object, java.lang.Object, java.lang.Object, java.lang.Object, java.lang.Object, java.lang.Object, java.lang.Object, java.lang.Object, java.lang.Object, java.lang.Object, java.lang.Object)'> (0x00000000cbcd1130) 
thrown [s\open\src\hotspot\share\interpreter\linkResolver.cpp, line 796]
Event: 13.620 Thread 0x000001e55cb38d10 Exception <a 'java/lang/NoSuchMethodError'{0x00000000cd383990}: 'void java.lang.invoke.DelegatingMethodHandle$Holder.reinvoke_L(java.lang.Object, java.lang.Object, java.lang.Object, java.lang.Object, int, java.lang.Object, java.lang.Object, java.lang.Object)'> (0x00000000cd383990) 
thrown [s\open\src\hotspot\share\interpreter\linkResolver.cpp, line 796]
Event: 17.108 Thread 0x000001e55cb38d10 Exception <a 'java/lang/NoSuchMethodError'{0x00000000cc703260}: 'int java.lang.invoke.DirectMethodHandle$Holder.invokeStatic(java.lang.Object)'> (0x00000000cc703260) 
thrown [s\open\src\hotspot\share\interpreter\linkResolver.cpp, line 796]

VM Operations (20 events):
Event: 12.995 Executing VM operation: HandshakeAllThreads (Deoptimize)
Event: 12.995 Executing VM operation: HandshakeAllThreads (Deoptimize) done
Event: 13.055 Executing VM operation: HandshakeAllThreads (Deoptimize)
Event: 13.055 Executing VM operation: HandshakeAllThreads (Deoptimize) done
Event: 13.056 Executing VM operation: HandshakeAllThreads (Deoptimize)
Event: 13.056 Executing VM operation: HandshakeAllThreads (Deoptimize) done
Event: 13.109 Executing VM operation: HandshakeAllThreads (Deoptimize)
Event: 13.109 Executing VM operation: HandshakeAllThreads (Deoptimize) done
Event: 13.437 Executing VM operation: G1CollectForAllocation (G1 Evacuation Pause)
Event: 13.451 Executing VM operation: G1CollectForAllocation (G1 Evacuation Pause) done
Event: 14.331 Executing VM operation: HandshakeAllThreads (Deoptimize)
Event: 14.331 Executing VM operation: HandshakeAllThreads (Deoptimize) done
Event: 16.653 Executing VM operation: G1CollectForAllocation (G1 Evacuation Pause)
Event: 16.660 Executing VM operation: G1CollectForAllocation (G1 Evacuation Pause) done
Event: 16.681 Executing VM operation: CollectForMetadataAllocation (Metadata GC Threshold)
Event: 16.685 Executing VM operation: CollectForMetadataAllocation (Metadata GC Threshold) done
Event: 16.738 Executing VM operation: G1PauseRemark
Event: 16.742 Executing VM operation: G1PauseRemark done
Event: 16.757 Executing VM operation: G1PauseCleanup
Event: 16.757 Executing VM operation: G1PauseCleanup done

Memory protections (0 events):
No events

Nmethod flushes (20 events):
Event: 16.741 Thread 0x000001e55eedd690 flushing  nmethod 0x000001e567822108
Event: 16.741 Thread 0x000001e55eedd690 flushing  nmethod 0x000001e567861d88
Event: 16.741 Thread 0x000001e55eedd690 flushing  nmethod 0x000001e5679d1588
Event: 16.741 Thread 0x000001e55eedd690 flushing  nmethod 0x000001e567688f08
Event: 16.741 Thread 0x000001e55eedd690 flushing  nmethod 0x000001e56774d788
Event: 16.741 Thread 0x000001e55eedd690 flushing  nmethod 0x000001e56774ed08
Event: 16.741 Thread 0x000001e55eedd690 flushing  nmethod 0x000001e567762c08
Event: 16.741 Thread 0x000001e55eedd690 flushing  nmethod 0x000001e567790288
Event: 16.741 Thread 0x000001e55eedd690 flushing  nmethod 0x000001e5677d3108
Event: 16.741 Thread 0x000001e55eedd690 flushing  nmethod 0x000001e5677d5808
Event: 16.741 Thread 0x000001e55eedd690 flushing  nmethod 0x000001e5677d5b08
Event: 16.741 Thread 0x000001e55eedd690 flushing  nmethod 0x000001e5677eb888
Event: 16.741 Thread 0x000001e55eedd690 flushing  nmethod 0x000001e5677f8e88
Event: 16.741 Thread 0x000001e55eedd690 flushing  nmethod 0x000001e567807908
Event: 16.741 Thread 0x000001e55eedd690 flushing  nmethod 0x000001e56781cf88
Event: 16.741 Thread 0x000001e55eedd690 flushing  nmethod 0x000001e56781db88
Event: 16.741 Thread 0x000001e55eedd690 flushing  nmethod 0x000001e567868088
Event: 16.741 Thread 0x000001e55eedd690 flushing  nmethod 0x000001e567909388
Event: 16.741 Thread 0x000001e55eedd690 flushing  nmethod 0x000001e567933f08
Event: 16.741 Thread 0x000001e55eedd690 flushing  nmethod 0x000001e567993888

Events (20 events):
Event: 1.061 Thread 0x000001e55cb38d10 Thread added: 0x000001e541240f60
Event: 1.114 Thread 0x000001e55cb38d10 Thread added: 0x000001e54128c920
Event: 1.200 Thread 0x000001e54113be00 Thread added: 0x000001e5412b4e00
Event: 2.581 Thread 0x000001e55cb38d10 Thread added: 0x000001e541927fb0
Event: 2.605 Thread 0x000001e55cb38d10 Thread added: 0x000001e541932150
Event: 2.623 Thread 0x000001e541932150 Thread added: 0x000001e54185a840
Event: 2.663 Thread 0x000001e55cb38d10 Thread added: 0x000001e541983830
Event: 2.674 Thread 0x000001e54185a840 Thread added: 0x000001e5419a0210
Event: 2.800 Thread 0x000001e541927fb0 Thread added: 0x000001e541a0dce0
Event: 2.919 Thread 0x000001e541a0dce0 Thread added: 0x000001e541a3c890
Event: 4.300 Thread 0x000001e55cb38d10 Thread added: 0x000001e541f55840
Event: 5.430 Thread 0x000001e55cb38d10 Thread added: 0x000001e541f551b0
Event: 5.736 Thread 0x000001e541f551b0 Thread exited: 0x000001e541f551b0
Event: 5.773 Thread 0x000001e541f55840 Thread exited: 0x000001e541f55840
Event: 8.690 Thread 0x000001e54113be00 Thread added: 0x000001e541b48b20
Event: 11.220 Thread 0x000001e541b48b20 Thread exited: 0x000001e541b48b20
Event: 13.115 Thread 0x000001e55cb38d10 Thread added: 0x000001e541f56560
Event: 13.116 Thread 0x000001e541f56560 Thread added: 0x000001e5466de980
Event: 13.123 Thread 0x000001e55cb38d10 Thread added: 0x000001e5466ddc60
Event: 13.151 Thread 0x000001e55cb38d10 Thread added: 0x000001e5466dd5d0


Dynamic libraries:
0x00007ff635870000 - 0x00007ff635880000 	C:\Program Files\Java\jdk-23\bin\javaw.exe
0x00007ffedaa90000 - 0x00007ffedaca7000 	C:\WINDOWS\SYSTEM32\ntdll.dll
0x00007ffed9070000 - 0x00007ffed9134000 	C:\WINDOWS\System32\KERNEL32.DLL
0x00007ffed80f0000 - 0x00007ffed84c1000 	C:\WINDOWS\System32\KERNELBASE.dll
0x00007ffed8640000 - 0x00007ffed8751000 	C:\WINDOWS\System32\ucrtbase.dll
0x00007ffeb5c60000 - 0x00007ffeb5c77000 	C:\Program Files\Java\jdk-23\bin\jli.dll
0x00007ffed9420000 - 0x00007ffed95d1000 	C:\WINDOWS\System32\USER32.dll
0x00007ffed7bd0000 - 0x00007ffed7bf6000 	C:\WINDOWS\System32\win32u.dll
0x00007ffed8760000 - 0x00007ffed8789000 	C:\WINDOWS\System32\GDI32.dll
0x00007ffed7cc0000 - 0x00007ffed7ddb000 	C:\WINDOWS\System32\gdi32full.dll
0x00007ffed7fd0000 - 0x00007ffed806a000 	C:\WINDOWS\System32\msvcp_win.dll
0x00007ffeb3c90000 - 0x00007ffeb3cab000 	C:\Program Files\Java\jdk-23\bin\VCRUNTIME140.dll
0x00007ffec4a40000 - 0x00007ffec4cd2000 	C:\WINDOWS\WinSxS\amd64_microsoft.windows.common-controls_6595b64144ccf1df_6.0.22621.4830_none_270fe7d773858e80\COMCTL32.dll
0x00007ffed87a0000 - 0x00007ffed8847000 	C:\WINDOWS\System32\msvcrt.dll
0x00007ffed9030000 - 0x00007ffed9061000 	C:\WINDOWS\System32\IMM32.DLL
0x00007ffeb5490000 - 0x00007ffeb549c000 	C:\Program Files\Java\jdk-23\bin\vcruntime140_1.dll
0x00007ffe92650000 - 0x00007ffe926de000 	C:\Program Files\Java\jdk-23\bin\msvcp140.dll
0x00007ffe11740000 - 0x00007ffe1248f000 	C:\Program Files\Java\jdk-23\bin\server\jvm.dll
0x00007ffed8bd0000 - 0x00007ffed8c81000 	C:\WINDOWS\System32\ADVAPI32.dll
0x00007ffed9820000 - 0x00007ffed98c7000 	C:\WINDOWS\System32\sechost.dll
0x00007ffed7de0000 - 0x00007ffed7e08000 	C:\WINDOWS\System32\bcrypt.dll
0x00007ffed9250000 - 0x00007ffed9364000 	C:\WINDOWS\System32\RPCRT4.dll
0x00007ffeda9c0000 - 0x00007ffedaa31000 	C:\WINDOWS\System32\WS2_32.dll
0x00007ffed7aa0000 - 0x00007ffed7aed000 	C:\WINDOWS\SYSTEM32\POWRPROF.dll
0x00007ffed3170000 - 0x00007ffed31a4000 	C:\WINDOWS\SYSTEM32\WINMM.dll
0x00007ffecf780000 - 0x00007ffecf78a000 	C:\WINDOWS\SYSTEM32\VERSION.dll
0x00007ffed7a80000 - 0x00007ffed7a93000 	C:\WINDOWS\SYSTEM32\UMPDC.dll
0x00007ffed6c20000 - 0x00007ffed6c38000 	C:\WINDOWS\SYSTEM32\kernel.appcore.dll
0x00007ffec8a40000 - 0x00007ffec8a4a000 	C:\Program Files\Java\jdk-23\bin\jimage.dll
0x00007ffecdee0000 - 0x00007ffece112000 	C:\WINDOWS\SYSTEM32\DBGHELP.DLL
0x00007ffed8c90000 - 0x00007ffed9020000 	C:\WINDOWS\System32\combase.dll
0x00007ffed8af0000 - 0x00007ffed8bc7000 	C:\WINDOWS\System32\OLEAUT32.dll
0x00007ffeccf00000 - 0x00007ffeccf32000 	C:\WINDOWS\SYSTEM32\dbgcore.DLL
0x00007ffed7e10000 - 0x00007ffed7e8b000 	C:\WINDOWS\System32\bcryptPrimitives.dll
0x00007ffeb5dd0000 - 0x00007ffeb5dee000 	C:\Program Files\Java\jdk-23\bin\java.dll
0x00007ffed95e0000 - 0x00007ffed9781000 	C:\WINDOWS\System32\ole32.dll
0x00007ffed9d50000 - 0x00007ffeda5d8000 	C:\WINDOWS\System32\SHELL32.dll
0x00007ffed7e90000 - 0x00007ffed7fcf000 	C:\WINDOWS\System32\wintypes.dll
0x00007ffed5b30000 - 0x00007ffed643d000 	C:\WINDOWS\SYSTEM32\windows.storage.dll
0x00007ffed8870000 - 0x00007ffed897a000 	C:\WINDOWS\System32\SHCORE.dll
0x00007ffed91a0000 - 0x00007ffed91fe000 	C:\WINDOWS\System32\shlwapi.dll
0x00007ffed7b00000 - 0x00007ffed7b2b000 	C:\WINDOWS\SYSTEM32\profapi.dll
0x00007ffec2d10000 - 0x00007ffec2d20000 	C:\Program Files\Java\jdk-23\bin\net.dll
0x00007ffed7090000 - 0x00007ffed70fa000 	C:\WINDOWS\system32\mswsock.dll
0x00007ffeb3d10000 - 0x00007ffeb3d26000 	C:\Program Files\Java\jdk-23\bin\nio.dll
0x00007ffeb3df0000 - 0x00007ffeb3e07000 	C:\Program Files\Java\jdk-23\bin\zip.dll
0x00007ffeb47e0000 - 0x00007ffeb47ea000 	C:\Program Files\Java\jdk-23\bin\management.dll
0x00007ffeb3030000 - 0x00007ffeb303b000 	C:\Program Files\Java\jdk-23\bin\management_ext.dll
0x00007ffedaa40000 - 0x00007ffedaa48000 	C:\WINDOWS\System32\PSAPI.DLL
0x00007ffec26e0000 - 0x00007ffec26f7000 	C:\WINDOWS\system32\napinsp.dll
0x00007ffec2230000 - 0x00007ffec224b000 	C:\WINDOWS\system32\pnrpnsp.dll
0x00007ffed6710000 - 0x00007ffed6812000 	C:\WINDOWS\SYSTEM32\DNSAPI.dll
0x00007ffed66a0000 - 0x00007ffed66cd000 	C:\WINDOWS\SYSTEM32\IPHLPAPI.DLL
0x00007ffed8980000 - 0x00007ffed8989000 	C:\WINDOWS\System32\NSI.dll
0x00007ffec21d0000 - 0x00007ffec21e1000 	C:\WINDOWS\System32\winrnr.dll
0x00007ffecf7c0000 - 0x00007ffecf7d5000 	C:\WINDOWS\system32\wshbth.dll
0x00007ffec2180000 - 0x00007ffec21a7000 	C:\WINDOWS\system32\nlansp_c.dll
0x00007ffec8f40000 - 0x00007ffec8f4a000 	C:\Windows\System32\rasadhlp.dll
0x00007ffecea70000 - 0x00007ffeceaf3000 	C:\WINDOWS\System32\fwpuclnt.dll
0x00007ffed72e0000 - 0x00007ffed72fb000 	C:\WINDOWS\SYSTEM32\CRYPTSP.dll
0x00007ffed6b80000 - 0x00007ffed6bb7000 	C:\WINDOWS\system32\rsaenh.dll
0x00007ffed7180000 - 0x00007ffed71a8000 	C:\WINDOWS\SYSTEM32\USERENV.dll
0x00007ffed7300000 - 0x00007ffed730c000 	C:\WINDOWS\SYSTEM32\CRYPTBASE.dll
0x00007ffeb4980000 - 0x00007ffeb4989000 	C:\Program Files\Java\jdk-23\bin\extnet.dll
0x00007ffeb5cb0000 - 0x00007ffeb5cbe000 	C:\Program Files\Java\jdk-23\bin\sunmscapi.dll
0x00007ffed84d0000 - 0x00007ffed8636000 	C:\WINDOWS\System32\CRYPT32.dll
0x00007ffed74a0000 - 0x00007ffed74cd000 	C:\WINDOWS\SYSTEM32\ncrypt.dll
0x00007ffed7460000 - 0x00007ffed7497000 	C:\WINDOWS\SYSTEM32\NTASN1.dll
0x00007ffeb5da0000 - 0x00007ffeb5db0000 	C:\Program Files\Java\jdk-23\bin\verify.dll

dbghelp: loaded successfully - version: 4.0.5 - missing functions: none
symbol engine: initialized successfully - sym options: 0x614 - pdb path: .;C:\Program Files\Java\jdk-23\bin;C:\WINDOWS\SYSTEM32;C:\WINDOWS\WinSxS\amd64_microsoft.windows.common-controls_6595b64144ccf1df_6.0.22621.4830_none_270fe7d773858e80;C:\Program Files\Java\jdk-23\bin\server

VM Arguments:
jvm_args: -Dcom.sun.management.jmxremote -Dcom.sun.management.jmxremote.port=53676 -Dcom.sun.management.jmxremote.authenticate=false -Dcom.sun.management.jmxremote.ssl=false -Djava.rmi.server.hostname=localhost -Dspring.jmx.enabled=true -Dmanagement.endpoints.jmx.exposure.include=* -Dspring.application.admin.enabled=true -XX:TieredStopAtLevel=1 -Dspring.boot.project.name=RegisterUser_RegisterUser -Dfile.encoding=UTF-8 -Dstdout.encoding=UTF-8 -Dstderr.encoding=UTF-8 -XX:+ShowCodeDetailsInExceptionMessages 
java_command: com.example.RegisterUser.RegisterUser.RegisterUserApplication --spring.output.ansi.enabled=always
java_class_path (initial): C:\Users\AVIK\Downloads\RegisterUser\RegisterUser\target\classes;C:\Users\AVIK\.m2\repository\org\springframework\boot\spring-boot-starter-data-jpa\3.4.4\spring-boot-starter-data-jpa-3.4.4.jar;C:\Users\AVIK\.m2\repository\org\springframework\boot\spring-boot-starter\3.4.4\spring-boot-starter-3.4.4.jar;C:\Users\AVIK\.m2\repository\org\springframework\boot\spring-boot\3.4.4\spring-boot-3.4.4.jar;C:\Users\AVIK\.m2\repository\org\springframework\boot\spring-boot-autoconfigure\3.4.4\spring-boot-autoconfigure-3.4.4.jar;C:\Users\AVIK\.m2\repository\org\springframework\boot\spring-boot-starter-logging\3.4.4\spring-boot-starter-logging-3.4.4.jar;C:\Users\AVIK\.m2\repository\ch\qos\logback\logback-classic\1.5.18\logback-classic-1.5.18.jar;C:\Users\AVIK\.m2\repository\ch\qos\logback\logback-core\1.5.18\logback-core-1.5.18.jar;C:\Users\AVIK\.m2\repository\org\apache\logging\log4j\log4j-to-slf4j\2.24.3\log4j-to-slf4j-2.24.3.jar;C:\Users\AVIK\.m2\repository\org\apache\logging\log4j\log4j-api\2.24.3\log4j-api-2.24.3.jar;C:\Users\AVIK\.m2\repository\org\slf4j\jul-to-slf4j\2.0.17\jul-to-slf4j-2.0.17.jar;C:\Users\AVIK\.m2\repository\jakarta\annotation\jakarta.annotation-api\2.1.1\jakarta.annotation-api-2.1.1.jar;C:\Users\AVIK\.m2\repository\org\yaml\snakeyaml\2.3\snakeyaml-2.3.jar;C:\Users\AVIK\.m2\repository\org\springframework\boot\spring-boot-starter-jdbc\3.4.4\spring-boot-starter-jdbc-3.4.4.jar;C:\Users\AVIK\.m2\repository\com\zaxxer\HikariCP\5.1.0\HikariCP-5.1.0.jar;C:\Users\AVIK\.m2\repository\org\springframework\spring-jdbc\6.2.5\spring-jdbc-6.2.5.jar;C:\Users\AVIK\.m2\repository\org\hibernate\orm\hibernate-core\6.6.11.Final\hibernate-core-6.6.11.Final.jar;C:\Users\AVIK\.m2\repository\jakarta\persistence\jakarta.persistence-api\3.1.0\jakarta.persistence-api-3.1.0.jar;C:\Users\AVIK\.m2\repository\jakarta\transaction\jakarta.transaction-api\2.0.1\jakarta.transaction-api-2.0.1.jar;C:\Users\AVIK\.m2\repository\org\jboss\logging\jboss-logging\3.6.1.Final\jboss-logging-3.6.1.Final.jar;C:\Users\AVIK\.m2\repository\org\hibernate\common\hibernate-commons-annotations\7.0.3.Final\hibernate-commons-annotations-7.0.3.Final.jar;C:\Users\AVIK\.m2\repository\io\smallrye\jandex\3.2.0\jandex-3.2.0.jar;C:\Users\AVIK\.m2\repository\com\fasterxml\classmate\1.7.0\classmate-1.7.0.jar;C:\Users\AVIK\.m2\repository\net\bytebuddy\byte-buddy\1.15.11\byte-buddy-1.15.11.jar;C:\Users\AVIK\.m2\repository\org\glassfish\jaxb\jaxb-runtime\4.0.5\jaxb-runtime-4.0.5.jar;C:\Users\AVIK\.m2\repository\org\glassfish\jaxb\jaxb-core\4.0.5\jaxb-core-4.0.5.jar;C:\Users\AVIK\.m2\repository\org\eclipse\angus\angus-activation\2.0.2\angus-activation-2.0.2.jar;C:\Users\AVIK\.m2\repository\org\glassfish\jaxb\txw2\4.0.5\txw2-4.0.5.jar;C:\Users\AVIK\.m2\repository\com\sun\istack\istack-commons-runtime\4.1.2\istack-commons-runtime-4.1.2.jar;C:\Users\AVIK\.m2\repository\jakarta\inject\jakarta.inject-api\2.0.1\jakarta.inject-api-2.0.1.jar;C:\Users\AVIK\.m2\repository\org\antlr\antlr4-runtime\4.13.0\antlr4-runtime-4.13.0.jar;C:\Users\AVIK\.m2\repository\org\springframework\data\spring-data-jpa\3.4.4\spring-data-jpa-3.4.4.jar;C:\Users\AVIK\.m2\repository\org\springframework\data\spring-data-commons\3.4.4\spring-data-commons-3.4.4.jar;C:\Users\AVIK\.m2\repository\org\springframework\spring-orm\6.2.5\spring-orm-6.2.5.jar;C:\Users\AVIK\.m2\repository\org\springframework\spring-context\6.2.5\spring-context-6.2.5.jar;C:\Users\AVIK\.m2\repository\org\springframework\spring-aop\6.2.5\spring-aop-6.2.5.jar;C:\Users\AVIK\.m2\repository\org\springframework\spring-tx\6.2.5\spring-tx-6.2.5.jar;C:\Users\AVIK\.m2\repository\org\springframework\spring-beans\6.2.5\spring-beans-6.2.5.jar;C:\Users\AVIK\.m2\repository\org\slf4j\slf4j-api\2.0.17\slf4j-api-2.0.17.jar;C:\Users\AVIK\.m2\repository\org\springframework\spring-aspects\6.2.5\spring-aspects-6.2.5.jar;C:\Users\AVIK\.m2\repository\org\aspectj\aspectjweaver\1.9.23\aspectjweaver-1.9.23.jar;C:\Users\AVIK\.m2\repository\org\springframework\boot\spring-boot-starter-web\3.4.4\spring-boot-starter-web-3.4.4.jar;C:\Users\AVIK\.m2\repository\org\springframework\boot\spring-boot-starter-json\3.4.4\spring-boot-starter-json-3.4.4.jar;C:\Users\AVIK\.m2\repository\com\fasterxml\jackson\core\jackson-databind\2.18.3\jackson-databind-2.18.3.jar;C:\Users\AVIK\.m2\repository\com\fasterxml\jackson\core\jackson-annotations\2.18.3\jackson-annotations-2.18.3.jar;C:\Users\AVIK\.m2\repository\com\fasterxml\jackson\core\jackson-core\2.18.3\jackson-core-2.18.3.jar;C:\Users\AVIK\.m2\repository\com\fasterxml\jackson\datatype\jackson-datatype-jdk8\2.18.3\jackson-datatype-jdk8-2.18.3.jar;C:\Users\AVIK\.m2\repository\com\fasterxml\jackson\datatype\jackson-datatype-jsr310\2.18.3\jackson-datatype-jsr310-2.18.3.jar;C:\Users\AVIK\.m2\repository\com\fasterxml\jackson\module\jackson-module-parameter-names\2.18.3\jackson-module-parameter-names-2.18.3.jar;C:\Users\AVIK\.m2\repository\org\springframework\boot\spring-boot-starter-tomcat\3.4.4\spring-boot-starter-tomcat-3.4.4.jar;C:\Users\AVIK\.m2\repository\org\apache\tomcat\embed\tomcat-embed-core\10.1.39\tomcat-embed-core-10.1.39.jar;C:\Users\AVIK\.m2\repository\org\apache\tomcat\embed\tomcat-embed-el\10.1.39\tomcat-embed-el-10.1.39.jar;C:\Users\AVIK\.m2\repository\org\apache\tomcat\embed\tomcat-embed-websocket\10.1.39\tomcat-embed-websocket-10.1.39.jar;C:\Users\AVIK\.m2\repository\org\springframework\spring-web\6.2.5\spring-web-6.2.5.jar;C:\Users\AVIK\.m2\repository\io\micrometer\micrometer-observation\1.14.5\micrometer-observation-1.14.5.jar;C:\Users\AVIK\.m2\repository\io\micrometer\micrometer-commons\1.14.5\micrometer-commons-1.14.5.jar;C:\Users\AVIK\.m2\repository\org\springframework\spring-webmvc\6.2.5\spring-webmvc-6.2.5.jar;C:\Users\AVIK\.m2\repository\org\springframework\spring-expression\6.2.5\spring-expression-6.2.5.jar;C:\Users\AVIK\.m2\repository\com\mysql\mysql-connector-j\9.1.0\mysql-connector-j-9.1.0.jar;C:\Users\AVIK\.m2\repository\org\projectlombok\lombok\1.18.36\lombok-1.18.36.jar;C:\Users\AVIK\.m2\repository\jakarta\xml\bind\jakarta.xml.bind-api\4.0.2\jakarta.xml.bind-api-4.0.2.jar;C:\Users\AVIK\.m2\repository\jakarta\activation\jakarta.activation-api\2.1.3\jakarta.activation-api-2.1.3.jar;C:\Users\AVIK\.m2\repository\org\springframework\spring-core\6.2.5\spring-core-6.2.5.jar;C:\Users\AVIK\.m2\repository\org\springframework\spring-jcl\6.2.5\spring-jcl-6.2.5.jar
Launcher Type: SUN_STANDARD

[Global flags]
     intx CICompilerCount                          = 3                                         {product} {ergonomic}
     uint ConcGCThreads                            = 1                                         {product} {ergonomic}
     uint G1ConcRefinementThreads                  = 4                                         {product} {ergonomic}
   size_t G1HeapRegionSize                         = 1048576                                   {product} {ergonomic}
   size_t InitialHeapSize                          = 58720256                                  {product} {ergonomic}
     bool ManagementServer                         = true                                      {product} {command line}
   size_t MarkStackSize                            = 4194304                                   {product} {ergonomic}
   size_t MarkStackSizeMax                         = 536870912                                 {product} {ergonomic}
   size_t MaxHeapSize                              = 910163968                                 {product} {ergonomic}
   size_t MaxNewSize                               = 545259520                                 {product} {ergonomic}
   size_t MinHeapDeltaBytes                        = 1048576                                   {product} {ergonomic}
   size_t MinHeapSize                              = 8388608                                   {product} {ergonomic}
    uintx NonNMethodCodeHeapSize                   = 4096                                   {pd product} {ergonomic}
    uintx NonProfiledCodeHeapSize                  = 0                                      {pd product} {ergonomic}
     bool ProfileInterpreter                       = false                                  {pd product} {command line}
    uintx ProfiledCodeHeapSize                     = 0                                      {pd product} {ergonomic}
     bool ShowCodeDetailsInExceptionMessages       = true                                   {manageable} {command line}
   size_t SoftMaxHeapSize                          = 910163968                              {manageable} {ergonomic}
     intx TieredStopAtLevel                        = 1                                         {product} {command line}
     bool UseCompressedOops                        = true                           {product lp64_product} {ergonomic}
     bool UseG1GC                                  = true                                      {product} {ergonomic}
     bool UseLargePagesIndividualAllocation        = false                                  {pd product} {ergonomic}

Logging:
Log output configuration:
 #0: stdout all=warning uptime,level,tags foldmultilines=false
 #1: stderr all=off uptime,level,tags foldmultilines=false

Environment Variables:
PATH=C:/Program Files/Java/jdk-23/bin/server;C:/Program Files/Java/jdk-23/bin;C:\Program Files\Java\jdk-23\bin;D:\ORACLE\new_dba\bin;C:\Program Files\Common Files\Oracle\Java\javapath;C:\Program Files (x86)\Common Files\Oracle\Java\javapath;C:\WINDOWS\system32;C:\WINDOWS;C:\WINDOWS\System32\Wbem;C:\WINDOWS\System32\WindowsPowerShell\v1.0\;C:\WINDOWS\System32\OpenSSH\;C:\Program Files\Git\cmd;C:\Users\AVIK\AppData\Roaming\nvm;C:\Program Files\nodejs;C:\Program Files\Redis\;C:\Program Files\Docker\Docker\resources\bin;C:\Program Files\apache-maven-3.9.9-bin\apache-maven-3.9.9\bin;C:\Program Files\MySQL\MySQL Shell 8.0\bin\;C:\Users\AVIK\AppData\Local\Microsoft\WindowsApps;C:\Users\AVIK\AppData\Local\Programs\Microsoft VS Code\bin;C:\Users\AVIK\AppData\Roaming\npm;C:\Program Files (x86)\MongoDB Atlas CLI\;C:\Program Files\JetBrains\IntelliJ IDEA Community Edition 2024.3\bin;;C:\Users\AVIK\AppData\Roaming\nvm;C:\Program Files\nodejs;C:\Users\AVIK\OneDrive\Desktop;
USERNAME=AVIK
OS=Windows_NT
PROCESSOR_IDENTIFIER=AMD64 Family 23 Model 24 Stepping 1, AuthenticAMD
TMP=C:\Users\AVIK\AppData\Local\Temp
TEMP=C:\Users\AVIK\AppData\Local\Temp




Periodic native trim disabled

---------------  S Y S T E M  ---------------

OS:
 Windows 11 , 64 bit Build 22621 (10.0.22621.4974)
OS uptime: 0 days 5:06 hours

CPU: total 4 (initial active 4) (4 cores per cpu, 2 threads per core) family 23 model 24 stepping 1 microcode 0x0, cx8, cmov, fxsr, ht, mmx, 3dnowpref, sse, sse2, sse3, ssse3, sse4a, sse4.1, sse4.2, popcnt, lzcnt, tsc, tscinvbit, avx, avx2, aes, clmul, bmi1, bmi2, adx, sha, fma, vzeroupper, clflush, clflushopt, rdtscp, f16c
Processor Information for the first 4 processors :
  Max Mhz: 2600, Current Mhz: 2600, Mhz Limit: 2600

Memory: 4k page, system-wide physical 3470M (809M free)
TotalPageFile size 14222M (AvailPageFile size 0M)
current process WorkingSet (physical memory assigned to process): 155M, peak: 155M
current process commit charge ("private bytes"): 186M, peak: 186M

vm_info: Java HotSpot(TM) 64-Bit Server VM (23.0.1+11-39) for windows-amd64 JRE (23.0.1+11-39), built on 2024-09-30T07:20:43Z with MS VC++ 17.6 (VS2022)

END.
