#
# There is insufficient memory for the Java Runtime Environment to continue.
# Native memory allocation (mmap) failed to map 12582912 bytes. Error detail: G1 virtual space
# Possible reasons:
#   The system is out of physical RAM or swap space
#   This process is running with CompressedOops enabled, and the Java Heap may be blocking the growth of the native heap
# Possible solutions:
#   Reduce memory load on the system
#   Increase physical memory or swap space
#   Check if swap backing store is full
#   Decrease Java heap size (-Xmx/-Xms)
#   Decrease number of Java threads
#   Decrease Java thread stack sizes (-Xss)
#   Set larger code cache with -XX:ReservedCodeCacheSize=
#   JVM is running with Unscaled Compressed Oops mode in which the Java heap is
#     placed in the first 4GB address space. The Java Heap base address is the
#     maximum limit for the native heap growth. Please use -XX:HeapBaseMinAddress
#     to set the Java Heap base and to place the Java Heap above 4GB virtual address.
# This output file may be truncated or incomplete.
#
#  Out of Memory Error (os_windows.cpp:3703), pid=14144, tid=5028
#
# JRE version: Java(TM) SE Runtime Environment (23.0.1+11) (build 23.0.1+11-39)
# Java VM: Java HotSpot(TM) 64-Bit Server VM (23.0.1+11-39, mixed mode, emulated-client, sharing, tiered, compressed oops, compressed class ptrs, g1 gc, windows-amd64)
# No core dump will be written. Minidumps are not enabled by default on client versions of Windows
#

---------------  S U M M A R Y ------------

Command Line: -Dcom.sun.management.jmxremote -Dcom.sun.management.jmxremote.port=53688 -Dcom.sun.management.jmxremote.authenticate=false -Dcom.sun.management.jmxremote.ssl=false -Djava.rmi.server.hostname=localhost -Dspring.jmx.enabled=true -Dmanagement.endpoints.jmx.exposure.include=* -Dspring.application.admin.enabled=true -XX:TieredStopAtLevel=1 -Dspring.boot.project.name=RegisterUser_RegisterUser -Dfile.encoding=UTF-8 -Dstdout.encoding=UTF-8 -Dstderr.encoding=UTF-8 -XX:+ShowCodeDetailsInExceptionMessages com.example.RegisterUser.RegisterUser.RegisterUserApplication --spring.output.ansi.enabled=always

Host: AMD Ryzen 3 3250U with Radeon Graphics         , 4 cores, 3G,  Windows 11 , 64 bit Build 22621 (10.0.22621.4974)
Time: Thu Apr 24 16:13:02 2025 India Standard Time elapsed time: 2.175264 seconds (0d 0h 0m 2s)

---------------  T H R E A D  ---------------

Current thread (0x000001fd3a86c930):  VMThread "VM Thread"          [id=5028, stack(0x0000007629c00000,0x0000007629d00000) (1024K)]

Stack: [0x0000007629c00000,0x0000007629d00000]
Native frames: (J=compiled Java code, j=interpreted, Vv=VM code, C=native code)
V  [jvm.dll+0x6e08b9]  (no source info available)
V  [jvm.dll+0x87dc83]  (no source info available)
V  [jvm.dll+0x88010e]  (no source info available)
V  [jvm.dll+0x8807e3]  (no source info available)
V  [jvm.dll+0x27aee6]  (no source info available)
V  [jvm.dll+0x6dd1c5]  (no source info available)
V  [jvm.dll+0x6d104a]  (no source info available)
V  [jvm.dll+0x35b3ea]  (no source info available)
V  [jvm.dll+0x3637f6]  (no source info available)
V  [jvm.dll+0x34fd5e]  (no source info available)
V  [jvm.dll+0x34fff8]  (no source info available)
V  [jvm.dll+0x3289cc]  (no source info available)
V  [jvm.dll+0x328a5a]  (no source info available)
V  [jvm.dll+0x374c92]  (no source info available)
V  [jvm.dll+0x373392]  (no source info available)
V  [jvm.dll+0x3281a7]  (no source info available)
V  [jvm.dll+0x32bc56]  (no source info available)
V  [jvm.dll+0x388b06]  (no source info available)
V  [jvm.dll+0x886720]  (no source info available)
V  [jvm.dll+0x887a47]  (no source info available)
V  [jvm.dll+0x887f78]  (no source info available)
V  [jvm.dll+0x888213]  (no source info available)
V  [jvm.dll+0x824f8b]  (no source info available)
V  [jvm.dll+0x6df065]  (no source info available)
C  [ucrtbase.dll+0x29333]  (no source info available)
C  [KERNEL32.DLL+0x1259d]  (no source info available)
C  [ntdll.dll+0x5af38]  (no source info available)

VM_Operation (0x00000076295fd370): CollectForMetadataAllocation, mode: safepoint, requested by thread 0x000001fd3843aaa0


---------------  P R O C E S S  ---------------

Threads class SMR info:
_java_thread_list=0x000001fd8f787310, length=19, elements={
0x000001fd3843aaa0, 0x000001fd491e2ae0, 0x000001fd491e43f0, 0x000001fd491e6570,
0x000001fd491ec270, 0x000001fd491ede30, 0x000001fd491eff00, 0x000001fd491feea0,
0x000001fd491ef1e0, 0x000001fd492adce0, 0x000001fd491f0c20, 0x000001fd49909660,
0x000001fd491f0590, 0x000001fd491ef870, 0x000001fd491ed7a0, 0x000001fd491eeb50,
0x000001fd491ee4c0, 0x000001fd49f92650, 0x000001fd49f92ce0
}

Java Threads: ( => current thread )
  0x000001fd3843aaa0 JavaThread "main"                              [_thread_blocked, id=7612, stack(0x0000007629500000,0x0000007629600000) (1024K)]
  0x000001fd491e2ae0 JavaThread "Reference Handler"          daemon [_thread_blocked, id=13604, stack(0x0000007629d00000,0x0000007629e00000) (1024K)]
  0x000001fd491e43f0 JavaThread "Finalizer"                  daemon [_thread_blocked, id=13324, stack(0x0000007629e00000,0x0000007629f00000) (1024K)]
  0x000001fd491e6570 JavaThread "Signal Dispatcher"          daemon [_thread_blocked, id=5656, stack(0x0000007629f00000,0x000000762a000000) (1024K)]
  0x000001fd491ec270 JavaThread "Attach Listener"            daemon [_thread_blocked, id=5348, stack(0x000000762a000000,0x000000762a100000) (1024K)]
  0x000001fd491ede30 JavaThread "Service Thread"             daemon [_thread_blocked, id=10820, stack(0x000000762a100000,0x000000762a200000) (1024K)]
  0x000001fd491eff00 JavaThread "Monitor Deflation Thread"   daemon [_thread_blocked, id=13368, stack(0x000000762a200000,0x000000762a300000) (1024K)]
  0x000001fd491feea0 JavaThread "C1 CompilerThread0"         daemon [_thread_blocked, id=11004, stack(0x000000762a300000,0x000000762a400000) (1024K)]
  0x000001fd491ef1e0 JavaThread "Common-Cleaner"             daemon [_thread_blocked, id=8476, stack(0x000000762a400000,0x000000762a500000) (1024K)]
  0x000001fd492adce0 JavaThread "C1 CompilerThread1"         daemon [_thread_blocked, id=10672, stack(0x000000762a500000,0x000000762a600000) (1024K)]
  0x000001fd491f0c20 JavaThread "Notification Thread"        daemon [_thread_blocked, id=13512, stack(0x000000762a600000,0x000000762a700000) (1024K)]
  0x000001fd49909660 JavaThread "C1 CompilerThread2"         daemon [_thread_blocked, id=14184, stack(0x000000762a700000,0x000000762a800000) (1024K)]
  0x000001fd491f0590 JavaThread "RMI TCP Accept-0"           daemon [_thread_in_native, id=13376, stack(0x000000762a800000,0x000000762a900000) (1024K)]
  0x000001fd491ef870 JavaThread "RMI TCP Accept-53688"       daemon [_thread_in_native, id=5864, stack(0x000000762a900000,0x000000762aa00000) (1024K)]
  0x000001fd491ed7a0 JavaThread "RMI TCP Accept-0"           daemon [_thread_in_native, id=12508, stack(0x000000762ad00000,0x000000762ae00000) (1024K)]
  0x000001fd491eeb50 JavaThread "RMI TCP Connection(1)-127.0.0.1" daemon [_thread_in_native, id=11804, stack(0x000000762ae00000,0x000000762af00000) (1024K)]
  0x000001fd491ee4c0 JavaThread "RMI Scheduler(0)"           daemon [_thread_blocked, id=12928, stack(0x000000762af00000,0x000000762b000000) (1024K)]
  0x000001fd49f92650 JavaThread "RMI TCP Connection(2)-127.0.0.1" daemon [_thread_in_native, id=8072, stack(0x000000762b000000,0x000000762b100000) (1024K)]
  0x000001fd49f92ce0 JavaThread "JMX server connection timeout 30" daemon [_thread_blocked, id=9836, stack(0x000000762b100000,0x000000762b200000) (1024K)]
Total: 19

Other Threads:
=>0x000001fd3a86c930 VMThread "VM Thread"                           [id=5028, stack(0x0000007629c00000,0x0000007629d00000) (1024K)]
  0x000001fd491cba10 WatcherThread "VM Periodic Task Thread"        [id=9608, stack(0x0000007629b00000,0x0000007629c00000) (1024K)]
  0x000001fd3a7eb630 WorkerThread "GC Thread#0"                     [id=8020, stack(0x0000007629600000,0x0000007629700000) (1024K)]
  0x000001fd49abb580 WorkerThread "GC Thread#1"                     [id=14192, stack(0x000000762aa00000,0x000000762ab00000) (1024K)]
  0x000001fd49ad3c90 WorkerThread "GC Thread#2"                     [id=7140, stack(0x000000762ab00000,0x000000762ac00000) (1024K)]
  0x000001fd49ad4040 WorkerThread "GC Thread#3"                     [id=5760, stack(0x000000762ac00000,0x000000762ad00000) (1024K)]
  0x000001fd3a7f4e20 ConcurrentGCThread "G1 Main Marker"            [id=12608, stack(0x0000007629700000,0x0000007629800000) (1024K)]
  0x000001fd3a7f5930 WorkerThread "G1 Conc#0"                       [id=13584, stack(0x0000007629800000,0x0000007629900000) (1024K)]
  0x000001fd3a84d810 ConcurrentGCThread "G1 Refine#0"               [id=2628, stack(0x0000007629900000,0x0000007629a00000) (1024K)]
  0x000001fd3a84e390 ConcurrentGCThread "G1 Service"                [id=6556, stack(0x0000007629a00000,0x0000007629b00000) (1024K)]
Total: 10

Threads with active compile tasks:
Total: 0

VM state: at safepoint (normal execution)

VM Mutex/Monitor currently owned by a thread:  ([mutex/lock_event])
[0x00007ffe123b3910] Threads_lock - owner thread: 0x000001fd3a86c930
[0x00007ffe123b3a10] Heap_lock - owner thread: 0x000001fd3843aaa0

Heap address: 0x00000000c9c00000, size: 868 MB, Compressed Oops mode: 32-bit

CDS archive(s) mapped at: [0x000001fd4a000000-0x000001fd4ad70000-0x000001fd4ad70000), size 14090240, SharedBaseAddress: 0x000001fd4a000000, ArchiveRelocationMode: 1.
Compressed class space mapped at: 0x000001fd4b000000-0x000001fd8b000000, reserved size: 1073741824
Narrow klass base: 0x000001fd4a000000, Narrow klass shift: 0, Narrow klass range: 0x41000000

GC Precious Log:
 CardTable entry size: 512
 Card Set container configuration: InlinePtr #cards 5 size 8 Array Of Cards #cards 10 size 36 Howl #buckets 4 coarsen threshold 1843 Howl Bitmap #cards 512 size 80 coarsen threshold 460 Card regions per heap region 1 cards per card region 2048
 CPUs: 4 total, 4 available
 Memory: 3470M
 Large Page Support: Disabled
 NUMA Support: Disabled
 Compressed Oops: Enabled (32-bit)
 Heap Region Size: 1M
 Heap Min Capacity: 8M
 Heap Initial Capacity: 56M
 Heap Max Capacity: 868M
 Pre-touch: Disabled
 Parallel Workers: 4
 Concurrent Workers: 1
 Concurrent Refinement Workers: 4
 Periodic GC: Disabled

Heap:
 garbage-first heap   total reserved 888832K, committed 57344K, used 14680K [0x00000000c9c00000, 0x0000000100000000)
  region size 1024K, 4 young (4096K), 4 survivors (4096K)
 Metaspace       used 21123K, committed 21504K, reserved 1114112K
  class space    used 2874K, committed 3072K, reserved 1048576K

Heap Regions: E=young(eden), S=young(survivor), O=old, HS=humongous(starts), HC=humongous(continues), CS=collection set, F=free, TAMS=top-at-mark-start, PB=parsable bottom
|   0|0x00000000c9c00000, 0x00000000c9d00000, 0x00000000c9d00000|100%|HS|  |TAMS 0x00000000c9d00000| PB 0x00000000c9c00000| Complete |  0
|   1|0x00000000c9d00000, 0x00000000c9e00000, 0x00000000c9e00000|100%|HS|  |TAMS 0x00000000c9e00000| PB 0x00000000c9d00000| Complete |  0
|   2|0x00000000c9e00000, 0x00000000c9f00000, 0x00000000c9f00000|100%| O|  |TAMS 0x00000000c9f00000| PB 0x00000000c9e00000| Untracked |  0
|   3|0x00000000c9f00000, 0x00000000ca000000, 0x00000000ca000000|100%| O|  |TAMS 0x00000000ca000000| PB 0x00000000c9f00000| Untracked |  0
|   4|0x00000000ca000000, 0x00000000ca100000, 0x00000000ca100000|100%| O|  |TAMS 0x00000000ca100000| PB 0x00000000ca000000| Untracked |  0
|   5|0x00000000ca100000, 0x00000000ca200000, 0x00000000ca200000|100%| O|  |TAMS 0x00000000ca200000| PB 0x00000000ca100000| Untracked |  0
|   6|0x00000000ca200000, 0x00000000ca300000, 0x00000000ca300000|100%| O|  |TAMS 0x00000000ca300000| PB 0x00000000ca200000| Untracked |  0
|   7|0x00000000ca300000, 0x00000000ca400000, 0x00000000ca400000|100%| O|  |TAMS 0x00000000ca400000| PB 0x00000000ca300000| Untracked |  0
|   8|0x00000000ca400000, 0x00000000ca500000, 0x00000000ca500000|100%| O|  |TAMS 0x00000000ca4d8718| PB 0x00000000ca400000| Untracked |  0
|   9|0x00000000ca500000, 0x00000000ca600000, 0x00000000ca600000|100%| O|  |TAMS 0x00000000ca500000| PB 0x00000000ca500000| Untracked |  0
|  10|0x00000000ca600000, 0x00000000ca6f0368, 0x00000000ca700000| 93%| O|  |TAMS 0x00000000ca600000| PB 0x00000000ca600000| Untracked |  0
|  11|0x00000000ca700000, 0x00000000ca700000, 0x00000000ca800000|  0%| F|  |TAMS 0x00000000ca700000| PB 0x00000000ca700000| Untracked |  0
|  12|0x00000000ca800000, 0x00000000ca800000, 0x00000000ca900000|  0%| F|  |TAMS 0x00000000ca800000| PB 0x00000000ca800000| Untracked |  0
|  13|0x00000000ca900000, 0x00000000ca900000, 0x00000000caa00000|  0%| F|  |TAMS 0x00000000ca900000| PB 0x00000000ca900000| Untracked |  0
|  14|0x00000000caa00000, 0x00000000caa00000, 0x00000000cab00000|  0%| F|  |TAMS 0x00000000caa00000| PB 0x00000000caa00000| Untracked |  0
|  15|0x00000000cab00000, 0x00000000cab00000, 0x00000000cac00000|  0%| F|  |TAMS 0x00000000cab00000| PB 0x00000000cab00000| Untracked |  0
|  16|0x00000000cac00000, 0x00000000cac00000, 0x00000000cad00000|  0%| F|  |TAMS 0x00000000cac00000| PB 0x00000000cac00000| Untracked |  0
|  17|0x00000000cad00000, 0x00000000cad00000, 0x00000000cae00000|  0%| F|  |TAMS 0x00000000cad00000| PB 0x00000000cad00000| Untracked |  0
|  18|0x00000000cae00000, 0x00000000cae00000, 0x00000000caf00000|  0%| F|  |TAMS 0x00000000cae00000| PB 0x00000000cae00000| Untracked |  0
|  19|0x00000000caf00000, 0x00000000caf00000, 0x00000000cb000000|  0%| F|  |TAMS 0x00000000caf00000| PB 0x00000000caf00000| Untracked |  0
|  20|0x00000000cb000000, 0x00000000cb000000, 0x00000000cb100000|  0%| F|  |TAMS 0x00000000cb000000| PB 0x00000000cb000000| Untracked |  0
|  21|0x00000000cb100000, 0x00000000cb100000, 0x00000000cb200000|  0%| F|  |TAMS 0x00000000cb100000| PB 0x00000000cb100000| Untracked |  0
|  22|0x00000000cb200000, 0x00000000cb200000, 0x00000000cb300000|  0%| F|  |TAMS 0x00000000cb200000| PB 0x00000000cb200000| Untracked |  0
|  23|0x00000000cb300000, 0x00000000cb300000, 0x00000000cb400000|  0%| F|  |TAMS 0x00000000cb300000| PB 0x00000000cb300000| Untracked |  0
|  24|0x00000000cb400000, 0x00000000cb400000, 0x00000000cb500000|  0%| F|  |TAMS 0x00000000cb400000| PB 0x00000000cb400000| Untracked |  0
|  25|0x00000000cb500000, 0x00000000cb500000, 0x00000000cb600000|  0%| F|  |TAMS 0x00000000cb500000| PB 0x00000000cb500000| Untracked |  0
|  26|0x00000000cb600000, 0x00000000cb600000, 0x00000000cb700000|  0%| F|  |TAMS 0x00000000cb600000| PB 0x00000000cb600000| Untracked |  0
|  27|0x00000000cb700000, 0x00000000cb700000, 0x00000000cb800000|  0%| F|  |TAMS 0x00000000cb700000| PB 0x00000000cb700000| Untracked |  0
|  28|0x00000000cb800000, 0x00000000cb800000, 0x00000000cb900000|  0%| F|  |TAMS 0x00000000cb800000| PB 0x00000000cb800000| Untracked |  0
|  29|0x00000000cb900000, 0x00000000cb900000, 0x00000000cba00000|  0%| F|  |TAMS 0x00000000cb900000| PB 0x00000000cb900000| Untracked |  0
|  30|0x00000000cba00000, 0x00000000cba00000, 0x00000000cbb00000|  0%| F|  |TAMS 0x00000000cba00000| PB 0x00000000cba00000| Untracked |  0
|  31|0x00000000cbb00000, 0x00000000cbb00000, 0x00000000cbc00000|  0%| F|  |TAMS 0x00000000cbb00000| PB 0x00000000cbb00000| Untracked |  0
|  32|0x00000000cbc00000, 0x00000000cbc00000, 0x00000000cbd00000|  0%| F|  |TAMS 0x00000000cbc00000| PB 0x00000000cbc00000| Untracked |  0
|  33|0x00000000cbd00000, 0x00000000cbd00000, 0x00000000cbe00000|  0%| F|  |TAMS 0x00000000cbd00000| PB 0x00000000cbd00000| Untracked |  0
|  34|0x00000000cbe00000, 0x00000000cbe00000, 0x00000000cbf00000|  0%| F|  |TAMS 0x00000000cbe00000| PB 0x00000000cbe00000| Untracked |  0
|  35|0x00000000cbf00000, 0x00000000cbf00000, 0x00000000cc000000|  0%| F|  |TAMS 0x00000000cbf00000| PB 0x00000000cbf00000| Untracked |  0
|  36|0x00000000cc000000, 0x00000000cc000000, 0x00000000cc100000|  0%| F|  |TAMS 0x00000000cc000000| PB 0x00000000cc000000| Untracked |  0
|  37|0x00000000cc100000, 0x00000000cc100000, 0x00000000cc200000|  0%| F|  |TAMS 0x00000000cc100000| PB 0x00000000cc100000| Untracked |  0
|  38|0x00000000cc200000, 0x00000000cc200000, 0x00000000cc300000|  0%| F|  |TAMS 0x00000000cc200000| PB 0x00000000cc200000| Untracked |  0
|  39|0x00000000cc300000, 0x00000000cc300000, 0x00000000cc400000|  0%| F|  |TAMS 0x00000000cc300000| PB 0x00000000cc300000| Untracked |  0
|  40|0x00000000cc400000, 0x00000000cc400000, 0x00000000cc500000|  0%| F|  |TAMS 0x00000000cc400000| PB 0x00000000cc400000| Untracked |  0
|  41|0x00000000cc500000, 0x00000000cc565e90, 0x00000000cc600000| 39%| S|CS|TAMS 0x00000000cc500000| PB 0x00000000cc500000| Complete |  0
|  42|0x00000000cc600000, 0x00000000cc700000, 0x00000000cc700000|100%| S|CS|TAMS 0x00000000cc600000| PB 0x00000000cc600000| Complete |  0
|  43|0x00000000cc700000, 0x00000000cc800000, 0x00000000cc800000|100%| S|CS|TAMS 0x00000000cc700000| PB 0x00000000cc700000| Complete |  0
|  44|0x00000000cc800000, 0x00000000cc900000, 0x00000000cc900000|100%| S|CS|TAMS 0x00000000cc800000| PB 0x00000000cc800000| Complete |  0
|  45|0x00000000cc900000, 0x00000000cc900000, 0x00000000cca00000|  0%| F|  |TAMS 0x00000000cc900000| PB 0x00000000cc900000| Untracked |  0
|  46|0x00000000cca00000, 0x00000000cca00000, 0x00000000ccb00000|  0%| F|  |TAMS 0x00000000cca00000| PB 0x00000000cca00000| Untracked |  0
|  47|0x00000000ccb00000, 0x00000000ccb00000, 0x00000000ccc00000|  0%| F|  |TAMS 0x00000000ccb00000| PB 0x00000000ccb00000| Untracked |  0
|  48|0x00000000ccc00000, 0x00000000ccc00000, 0x00000000ccd00000|  0%| F|  |TAMS 0x00000000ccc00000| PB 0x00000000ccc00000| Untracked |  0
|  49|0x00000000ccd00000, 0x00000000ccd00000, 0x00000000cce00000|  0%| F|  |TAMS 0x00000000ccd00000| PB 0x00000000ccd00000| Untracked |  0
|  50|0x00000000cce00000, 0x00000000cce00000, 0x00000000ccf00000|  0%| F|  |TAMS 0x00000000cce00000| PB 0x00000000cce00000| Untracked |  0
|  51|0x00000000ccf00000, 0x00000000ccf00000, 0x00000000cd000000|  0%| F|  |TAMS 0x00000000ccf00000| PB 0x00000000ccf00000| Untracked |  0
|  52|0x00000000cd000000, 0x00000000cd000000, 0x00000000cd100000|  0%| F|  |TAMS 0x00000000cd000000| PB 0x00000000cd000000| Untracked |  0
|  53|0x00000000cd100000, 0x00000000cd100000, 0x00000000cd200000|  0%| F|  |TAMS 0x00000000cd100000| PB 0x00000000cd100000| Untracked |  0
|  54|0x00000000cd200000, 0x00000000cd200000, 0x00000000cd300000|  0%| F|  |TAMS 0x00000000cd200000| PB 0x00000000cd200000| Untracked |  0
|  55|0x00000000cd300000, 0x00000000cd300000, 0x00000000cd400000|  0%| F|  |TAMS 0x00000000cd300000| PB 0x00000000cd300000| Untracked |  0

Card table byte_map: [0x000001fd3a570000,0x000001fd3a730000] _byte_map_base: 0x000001fd39f22000

Marking Bits: (CMBitMap*) 0x000001fd3a7ebd40
 Bits: [0x000001fd45ee0000, 0x000001fd46c70000)

Polling page: 0x000001fd385e0000

Metaspace:

Usage:
  Non-class:     17.82 MB used.
      Class:      2.81 MB used.
       Both:     20.63 MB used.

Virtual space:
  Non-class space:       64.00 MB reserved,      18.00 MB ( 28%) committed,  1 nodes.
      Class space:        1.00 GB reserved,       3.00 MB ( <1%) committed,  1 nodes.
             Both:        1.06 GB reserved,      21.00 MB (  2%) committed. 

Chunk freelists:
   Non-Class:  13.19 MB
       Class:  12.91 MB
        Both:  26.09 MB

MaxMetaspaceSize: unlimited
CompressedClassSpaceSize: 1.00 GB
Initial GC threshold: 21.00 MB
Current GC threshold: 21.00 MB
CDS: on
 - commit_granule_bytes: 65536.
 - commit_granule_words: 8192.
 - virtual_space_node_default_size: 8388608.
 - enlarge_chunks_in_place: 1.
 - use_allocation_guard: 0.


Internal statistics:

num_allocs_failed_limit: 3.
num_arena_births: 390.
num_arena_deaths: 0.
num_vsnodes_births: 2.
num_vsnodes_deaths: 0.
num_space_committed: 336.
num_space_uncommitted: 0.
num_chunks_returned_to_freelist: 3.
num_chunks_taken_from_freelist: 959.
num_chunk_merges: 3.
num_chunk_splits: 676.
num_chunks_enlarged: 499.
num_inconsistent_stats: 0.

CodeCache: size=49152Kb used=5875Kb max_used=5875Kb free=43276Kb
 bounds [0x000001fd42ee0000, 0x000001fd434a0000, 0x000001fd45ee0000]
 total_blobs=3516, nmethods=2969, adapters=470, full_count=0
Compilation: enabled, stopped_count=0, restarted_count=0

Compilation events (20 events):
Event: 2.069 Thread 0x000001fd49909660 2960       1       jdk.internal.classfile.impl.DirectCodeBuilder$4::writeBody (316 bytes)
Event: 2.069 Thread 0x000001fd492adce0 nmethod 2959 0x000001fd43498a08 code [0x000001fd43498b60, 0x000001fd43498d28]
Event: 2.069 Thread 0x000001fd492adce0 2962       1       jdk.internal.classfile.impl.AbstractPoolEntry$ClassEntryImpl::asSymbol (24 bytes)
Event: 2.069 Thread 0x000001fd491feea0 nmethod 2961 0x000001fd43498d88 code [0x000001fd43498f20, 0x000001fd434994c8]
Event: 2.069 Thread 0x000001fd491feea0 2963       1       jdk.internal.classfile.impl.BufWriterImpl::asByteBuffer (16 bytes)
Event: 2.069 Thread 0x000001fd491feea0 nmethod 2963 0x000001fd43499588 code [0x000001fd434996c0, 0x000001fd43499958]
Event: 2.069 Thread 0x000001fd492adce0 nmethod 2962 0x000001fd43499988 code [0x000001fd43499b00, 0x000001fd43499f50]
Event: 2.069 Thread 0x000001fd491feea0 2964       1       java.nio.HeapByteBuffer::slice (49 bytes)
Event: 2.070 Thread 0x000001fd492adce0 2965       1       java.nio.HeapByteBuffer::<init> (31 bytes)
Event: 2.070 Thread 0x000001fd492adce0 nmethod 2965 0x000001fd4349a008 code [0x000001fd4349a120, 0x000001fd4349a250]
Event: 2.070 Thread 0x000001fd492adce0 2966       1       jdk.internal.classfile.impl.BufWriterImpl::writeBytes (19 bytes)
Event: 2.070 Thread 0x000001fd491feea0 nmethod 2964 0x000001fd4349a308 code [0x000001fd4349a420, 0x000001fd4349a600]
Event: 2.070 Thread 0x000001fd492adce0 nmethod 2966 0x000001fd4349a688 code [0x000001fd4349a7c0, 0x000001fd4349a9d0]
Event: 2.070 Thread 0x000001fd49909660 nmethod 2960 0x000001fd4349aa08 code [0x000001fd4349ad00, 0x000001fd4349bda0]
Event: 2.073 Thread 0x000001fd49909660 2967       1       jdk.internal.classfile.impl.EntryMap::nextToken (37 bytes)
Event: 2.073 Thread 0x000001fd49909660 nmethod 2967 0x000001fd4349bf08 code [0x000001fd4349c020, 0x000001fd4349c170]
Event: 2.074 Thread 0x000001fd491feea0 2968   !   1       jdk.internal.loader.AbstractClassLoaderValue::computeIfAbsent (113 bytes)
Event: 2.074 Thread 0x000001fd491feea0 nmethod 2968 0x000001fd4349c208 code [0x000001fd4349c3a0, 0x000001fd4349c9a0]
Event: 2.076 Thread 0x000001fd491feea0 2969       1       java.util.Collections$EmptyMap::get (2 bytes)
Event: 2.076 Thread 0x000001fd491feea0 nmethod 2969 0x000001fd4349ca88 code [0x000001fd4349cba0, 0x000001fd4349cc70]

GC Heap History (9 events):
Event: 0.699 GC heap before
{Heap before GC invocations=0 (full 0):
 garbage-first heap   total reserved 888832K, committed 57344K, used 15360K [0x00000000c9c00000, 0x0000000100000000)
  region size 1024K, 14 young (14336K), 0 survivors (0K)
 Metaspace       used 4843K, committed 5056K, reserved 1114112K
  class space    used 614K, committed 704K, reserved 1048576K
}
Event: 0.707 GC heap after
{Heap after GC invocations=1 (full 0):
 garbage-first heap   total reserved 888832K, committed 57344K, used 7162K [0x00000000c9c00000, 0x0000000100000000)
  region size 1024K, 2 young (2048K), 2 survivors (2048K)
 Metaspace       used 4843K, committed 5056K, reserved 1114112K
  class space    used 614K, committed 704K, reserved 1048576K
}
Event: 1.042 GC heap before
{Heap before GC invocations=1 (full 0):
 garbage-first heap   total reserved 888832K, committed 57344K, used 18426K [0x00000000c9c00000, 0x0000000100000000)
  region size 1024K, 13 young (13312K), 2 survivors (2048K)
 Metaspace       used 7832K, committed 8128K, reserved 1114112K
  class space    used 1023K, committed 1152K, reserved 1048576K
}
Event: 1.047 GC heap after
{Heap after GC invocations=2 (full 0):
 garbage-first heap   total reserved 888832K, committed 57344K, used 9068K [0x00000000c9c00000, 0x0000000100000000)
  region size 1024K, 2 young (2048K), 2 survivors (2048K)
 Metaspace       used 7832K, committed 8128K, reserved 1114112K
  class space    used 1023K, committed 1152K, reserved 1048576K
}
Event: 1.558 GC heap before
{Heap before GC invocations=2 (full 0):
 garbage-first heap   total reserved 888832K, committed 57344K, used 31596K [0x00000000c9c00000, 0x0000000100000000)
  region size 1024K, 24 young (24576K), 2 survivors (2048K)
 Metaspace       used 14367K, committed 14720K, reserved 1114112K
  class space    used 2000K, committed 2112K, reserved 1048576K
}
Event: 1.564 GC heap after
{Heap after GC invocations=3 (full 0):
 garbage-first heap   total reserved 888832K, committed 57344K, used 11018K [0x00000000c9c00000, 0x0000000100000000)
  region size 1024K, 3 young (3072K), 3 survivors (3072K)
 Metaspace       used 14367K, committed 14720K, reserved 1114112K
  class space    used 2000K, committed 2112K, reserved 1048576K
}
Event: 1.843 GC heap before
{Heap before GC invocations=3 (full 0):
 garbage-first heap   total reserved 888832K, committed 57344K, used 34570K [0x00000000c9c00000, 0x0000000100000000)
  region size 1024K, 26 young (26624K), 3 survivors (3072K)
 Metaspace       used 19537K, committed 19904K, reserved 1114112K
  class space    used 2679K, committed 2816K, reserved 1048576K
}
Event: 1.850 GC heap after
{Heap after GC invocations=4 (full 0):
 garbage-first heap   total reserved 888832K, committed 57344K, used 12770K [0x00000000c9c00000, 0x0000000100000000)
  region size 1024K, 4 young (4096K), 4 survivors (4096K)
 Metaspace       used 19537K, committed 19904K, reserved 1114112K
  class space    used 2679K, committed 2816K, reserved 1048576K
}
Event: 2.076 GC heap before
{Heap before GC invocations=4 (full 0):
 garbage-first heap   total reserved 888832K, committed 57344K, used 21986K [0x00000000c9c00000, 0x0000000100000000)
  region size 1024K, 15 young (15360K), 4 survivors (4096K)
 Metaspace       used 21123K, committed 21504K, reserved 1114112K
  class space    used 2874K, committed 3072K, reserved 1048576K
}

Dll operation events (9 events):
Event: 0.033 Loaded shared library C:\Program Files\Java\jdk-23\bin\java.dll
Event: 0.233 Loaded shared library C:\Program Files\Java\jdk-23\bin\jimage.dll
Event: 0.241 Loaded shared library C:\Program Files\Java\jdk-23\bin\net.dll
Event: 0.244 Loaded shared library C:\Program Files\Java\jdk-23\bin\nio.dll
Event: 0.247 Loaded shared library C:\Program Files\Java\jdk-23\bin\zip.dll
Event: 0.333 Loaded shared library C:\Program Files\Java\jdk-23\bin\management.dll
Event: 0.350 Loaded shared library C:\Program Files\Java\jdk-23\bin\management_ext.dll
Event: 0.678 Loaded shared library C:\Program Files\Java\jdk-23\bin\extnet.dll
Event: 1.933 Loaded shared library C:\Program Files\Java\jdk-23\bin\sunmscapi.dll

Deoptimization events (0 events):
No events

Classes loaded (20 events):
Event: 1.937 Loading class javax/security/auth/login/FailedLoginException
Event: 1.937 Loading class javax/security/auth/login/FailedLoginException done
Event: 1.938 Loading class javax/security/auth/callback/CallbackHandler
Event: 1.938 Loading class javax/security/auth/callback/CallbackHandler done
Event: 1.944 Loading class sun/security/provider/certpath/ldap/JdkLDAP
Event: 1.944 Loading class sun/security/provider/certpath/ldap/JdkLDAP done
Event: 1.945 Loading class sun/security/provider/certpath/ldap/JdkLDAP$ProviderService
Event: 1.945 Loading class sun/security/provider/certpath/ldap/JdkLDAP$ProviderService done
Event: 1.945 Loading class com/sun/security/sasl/Provider
Event: 1.945 Loading class com/sun/security/sasl/Provider done
Event: 1.945 Loading class com/sun/security/sasl/Provider$1
Event: 1.945 Loading class com/sun/security/sasl/Provider$1 done
Event: 1.945 Loading class com/sun/security/sasl/Provider$ProviderService
Event: 1.945 Loading class java/lang/Thread$ThreadNumbering
Event: 1.945 Loading class com/sun/security/sasl/Provider$ProviderService done
Event: 1.946 Loading class java/lang/Thread$ThreadNumbering done
Event: 1.960 Loading class javax/naming/ldap/LdapContext
Event: 1.960 Loading class javax/naming/directory/DirContext
Event: 1.960 Loading class javax/naming/directory/DirContext done
Event: 1.960 Loading class javax/naming/ldap/LdapContext done

Classes unloaded (0 events):
No events

Classes redefined (0 events):
No events

Internal exceptions (20 events):
Event: 1.310 Thread 0x000001fd49f92650 Exception <a 'java/lang/NoSuchMethodError'{0x00000000cc96e7f8}: static [Ljava/lang/StackTraceElement;.<clinit>()V> (0x00000000cc96e7f8) 
thrown [s\open\src\hotspot\share\prims\jni.cpp, line 1111]
Event: 1.311 Thread 0x000001fd3843aaa0 Exception <a 'java/lang/NoSuchMethodError'{0x00000000cc930438}: 'void java.lang.invoke.DirectMethodHandle$Holder.invokeInterface(java.lang.Object, java.lang.Object, java.lang.Object)'> (0x00000000cc930438) 
thrown [s\open\src\hotspot\share\interpreter\linkResolver.cpp, line 796]
Event: 1.329 Thread 0x000001fd3843aaa0 Exception <a 'java/lang/NoSuchMethodError'{0x00000000cc9da008}: 'java.lang.Object java.lang.invoke.DirectMethodHandle$Holder.invokeVirtual(java.lang.Object, java.lang.Object, java.lang.Object)'> (0x00000000cc9da008) 
thrown [s\open\src\hotspot\share\interpreter\linkResolver.cpp, line 796]
Event: 1.350 Thread 0x000001fd3843aaa0 Exception <a 'java/lang/NoSuchMethodError'{0x00000000cc6cbb30}: 'void java.lang.invoke.DirectMethodHandle$Holder.invokeStatic(java.lang.Object, java.lang.Object, int)'> (0x00000000cc6cbb30) 
thrown [s\open\src\hotspot\share\interpreter\linkResolver.cpp, line 796]
Event: 1.354 Thread 0x000001fd3843aaa0 Exception <a 'java/lang/NoSuchMethodError'{0x00000000cc6db350}: 'void java.lang.invoke.DirectMethodHandle$Holder.invokeStaticInit(java.lang.Object, java.lang.Object, java.lang.Object)'> (0x00000000cc6db350) 
thrown [s\open\src\hotspot\share\interpreter\linkResolver.cpp, line 796]
Event: 1.367 Thread 0x000001fd3843aaa0 Exception <a 'java/lang/NoSuchMethodError'{0x00000000cc583db0}: 'void java.lang.invoke.DirectMethodHandle$Holder.invokeVirtual(java.lang.Object, java.lang.Object, java.lang.Object, java.lang.Object)'> (0x00000000cc583db0) 
thrown [s\open\src\hotspot\share\interpreter\linkResolver.cpp, line 796]
Event: 1.429 Thread 0x000001fd49f96e80 Exception <a 'java/lang/NoClassDefFoundError'{0x00000000cc3f2ee0}: jakarta/validation/Validation> (0x00000000cc3f2ee0) 
thrown [s\open\src\hotspot\share\classfile\systemDictionary.cpp, line 302]
Event: 1.431 Thread 0x000001fd3843aaa0 Exception <a 'java/lang/NoSuchMethodError'{0x00000000cc3d8af0}: 'java.lang.reflect.Field[] java.lang.Class.getDeclaredFields(java.lang.Class)'> (0x00000000cc3d8af0) 
thrown [s\open\src\hotspot\share\interpreter\linkResolver.cpp, line 796]
Event: 1.432 Thread 0x000001fd3843aaa0 Exception <a 'java/lang/NoSuchMethodError'{0x00000000cc225688}: 'java.lang.Object java.lang.invoke.DirectMethodHandle$Holder.invokeStatic(java.lang.Object, java.lang.Object, int)'> (0x00000000cc225688) 
thrown [s\open\src\hotspot\share\interpreter\linkResolver.cpp, line 796]
Event: 1.433 Thread 0x000001fd3843aaa0 Exception <a 'java/lang/NoSuchMethodError'{0x00000000cc230840}: 'void java.lang.invoke.DelegatingMethodHandle$Holder.delegate(java.lang.Object, java.lang.Object, int, java.lang.Object)'> (0x00000000cc230840) 
thrown [s\open\src\hotspot\share\interpreter\linkResolver.cpp, line 796]
Event: 1.447 Thread 0x000001fd3843aaa0 Exception <a 'java/lang/IncompatibleClassChangeError'{0x00000000cc16cc38}: Found class java.lang.Object, but interface was expected> (0x00000000cc16cc38) 
thrown [s\open\src\hotspot\share\interpreter\linkResolver.cpp, line 863]
Event: 1.455 Thread 0x000001fd3843aaa0 Exception <a 'java/lang/NoSuchMethodError'{0x00000000cc003ac0}: 'java.lang.Object java.lang.invoke.DirectMethodHandle$Holder.invokeStaticInit(java.lang.Object, int)'> (0x00000000cc003ac0) 
thrown [s\open\src\hotspot\share\interpreter\linkResolver.cpp, line 796]
Event: 1.755 Thread 0x000001fd3843aaa0 Exception <a 'java/lang/NoSuchMethodError'{0x00000000cc482888}: 'int java.lang.invoke.DirectMethodHandle$Holder.invokeSpecial(java.lang.Object, java.lang.Object, java.lang.Object, java.lang.Object, java.lang.Object)'> (0x00000000cc482888) 
thrown [s\open\src\hotspot\share\interpreter\linkResolver.cpp, line 796]
Event: 1.757 Thread 0x000001fd3843aaa0 Exception <a 'java/lang/NoSuchMethodError'{0x00000000cc48ab70}: 'void java.lang.invoke.DirectMethodHandle$Holder.invokeVirtual(java.lang.Object, java.lang.Object)'> (0x00000000cc48ab70) 
thrown [s\open\src\hotspot\share\interpreter\linkResolver.cpp, line 796]
Event: 1.829 Thread 0x000001fd49f96e80 Exception <a 'java/lang/NoSuchMethodError'{0x00000000cbdab230}: 'long java.lang.invoke.DirectMethodHandle$Holder.invokeStatic(java.lang.Object, java.lang.Object)'> (0x00000000cbdab230) 
thrown [s\open\src\hotspot\share\interpreter\linkResolver.cpp, line 796]
Event: 1.829 Thread 0x000001fd49f96e80 Exception <a 'java/lang/NoSuchMethodError'{0x00000000cbdae330}: 'long java.lang.invoke.DirectMethodHandle$Holder.invokeStaticInit(java.lang.Object, java.lang.Object)'> (0x00000000cbdae330) 
thrown [s\open\src\hotspot\share\interpreter\linkResolver.cpp, line 796]
Event: 1.832 Thread 0x000001fd49f96e80 Exception <a 'java/lang/NoSuchMethodError'{0x00000000cbdba700}: 'long java.lang.invoke.DirectMethodHandle$Holder.invokeInterface(java.lang.Object, java.lang.Object)'> (0x00000000cbdba700) 
thrown [s\open\src\hotspot\share\interpreter\linkResolver.cpp, line 796]
Event: 1.832 Thread 0x000001fd49f96e80 Exception <a 'java/lang/IncompatibleClassChangeError'{0x00000000cbdbd728}: Found class java.lang.Object, but interface was expected> (0x00000000cbdbd728) 
thrown [s\open\src\hotspot\share\interpreter\linkResolver.cpp, line 863]
Event: 1.835 Thread 0x000001fd49f96e80 Exception <a 'java/lang/NoSuchMethodError'{0x00000000cbdd62b8}: 'java.lang.Object java.lang.invoke.DirectMethodHandle$Holder.invokeVirtual(java.lang.Object, java.lang.Object, java.lang.Object, java.lang.Object)'> (0x00000000cbdd62b8) 
thrown [s\open\src\hotspot\share\interpreter\linkResolver.cpp, line 796]
Event: 2.042 Thread 0x000001fd3843aaa0 Exception <a 'java/lang/IncompatibleClassChangeError'{0x00000000ccbf4b18}: Found class java.lang.Object, but interface was expected> (0x00000000ccbf4b18) 
thrown [s\open\src\hotspot\share\interpreter\linkResolver.cpp, line 863]

VM Operations (20 events):
Event: 0.787 Executing VM operation: HandshakeAllThreads (Deoptimize) done
Event: 1.042 Executing VM operation: G1CollectForAllocation (G1 Evacuation Pause)
Event: 1.047 Executing VM operation: G1CollectForAllocation (G1 Evacuation Pause) done
Event: 1.050 Executing VM operation: HandshakeAllThreads (Deoptimize)
Event: 1.050 Executing VM operation: HandshakeAllThreads (Deoptimize) done
Event: 1.292 Executing VM operation: HandshakeAllThreads (Deoptimize)
Event: 1.292 Executing VM operation: HandshakeAllThreads (Deoptimize) done
Event: 1.420 Executing VM operation: HandshakeAllThreads (Deoptimize)
Event: 1.420 Executing VM operation: HandshakeAllThreads (Deoptimize) done
Event: 1.558 Executing VM operation: G1CollectForAllocation (G1 Evacuation Pause)
Event: 1.564 Executing VM operation: G1CollectForAllocation (G1 Evacuation Pause) done
Event: 1.699 Executing VM operation: HandshakeAllThreads (Deoptimize)
Event: 1.699 Executing VM operation: HandshakeAllThreads (Deoptimize) done
Event: 1.735 Executing VM operation: HandshakeAllThreads (Deoptimize)
Event: 1.735 Executing VM operation: HandshakeAllThreads (Deoptimize) done
Event: 1.843 Executing VM operation: G1CollectForAllocation (G1 Evacuation Pause)
Event: 1.850 Executing VM operation: G1CollectForAllocation (G1 Evacuation Pause) done
Event: 1.908 Executing VM operation: HandshakeAllThreads (Deoptimize)
Event: 1.908 Executing VM operation: HandshakeAllThreads (Deoptimize) done
Event: 2.076 Executing VM operation: CollectForMetadataAllocation (Metadata GC Threshold)

Memory protections (0 events):
No events

Nmethod flushes (0 events):
No events

Events (20 events):
Event: 0.096 Thread 0x000001fd3843aaa0 Thread added: 0x000001fd491e6570
Event: 0.096 Thread 0x000001fd3843aaa0 Thread added: 0x000001fd491ec270
Event: 0.096 Thread 0x000001fd3843aaa0 Thread added: 0x000001fd491ede30
Event: 0.096 Thread 0x000001fd3843aaa0 Thread added: 0x000001fd491eff00
Event: 0.096 Thread 0x000001fd3843aaa0 Thread added: 0x000001fd491feea0
Event: 0.198 Thread 0x000001fd3843aaa0 Thread added: 0x000001fd491ef1e0
Event: 0.210 Thread 0x000001fd491feea0 Thread added: 0x000001fd492adce0
Event: 0.226 Thread 0x000001fd3843aaa0 Thread added: 0x000001fd491f0c20
Event: 0.533 Thread 0x000001fd491feea0 Thread added: 0x000001fd49909660
Event: 0.681 Thread 0x000001fd3843aaa0 Thread added: 0x000001fd491f0590
Event: 0.692 Thread 0x000001fd3843aaa0 Thread added: 0x000001fd491ef870
Event: 0.734 Thread 0x000001fd3843aaa0 Thread added: 0x000001fd491ed7a0
Event: 1.242 Thread 0x000001fd491ef870 Thread added: 0x000001fd491eeb50
Event: 1.268 Thread 0x000001fd491eeb50 Thread added: 0x000001fd491ee4c0
Event: 1.270 Thread 0x000001fd491f0590 Thread added: 0x000001fd49f92650
Event: 1.287 Thread 0x000001fd49f92650 Thread added: 0x000001fd49f92ce0
Event: 1.426 Thread 0x000001fd3843aaa0 Thread added: 0x000001fd49f96e80
Event: 1.946 Thread 0x000001fd3843aaa0 Thread added: 0x000001fd49f91930
Event: 1.948 Thread 0x000001fd49f96e80 Thread exited: 0x000001fd49f96e80
Event: 1.980 Thread 0x000001fd49f91930 Thread exited: 0x000001fd49f91930


Dynamic libraries:
0x00007ff635870000 - 0x00007ff635880000 	C:\Program Files\Java\jdk-23\bin\javaw.exe
0x00007ffedaa90000 - 0x00007ffedaca7000 	C:\WINDOWS\SYSTEM32\ntdll.dll
0x00007ffed9070000 - 0x00007ffed9134000 	C:\WINDOWS\System32\KERNEL32.DLL
0x00007ffed80f0000 - 0x00007ffed84c1000 	C:\WINDOWS\System32\KERNELBASE.dll
0x00007ffed8640000 - 0x00007ffed8751000 	C:\WINDOWS\System32\ucrtbase.dll
0x00007ffeb5c60000 - 0x00007ffeb5c77000 	C:\Program Files\Java\jdk-23\bin\jli.dll
0x00007ffed9420000 - 0x00007ffed95d1000 	C:\WINDOWS\System32\USER32.dll
0x00007ffed7bd0000 - 0x00007ffed7bf6000 	C:\WINDOWS\System32\win32u.dll
0x00007ffeb3c90000 - 0x00007ffeb3cab000 	C:\Program Files\Java\jdk-23\bin\VCRUNTIME140.dll
0x00007ffec4a40000 - 0x00007ffec4cd2000 	C:\WINDOWS\WinSxS\amd64_microsoft.windows.common-controls_6595b64144ccf1df_6.0.22621.4830_none_270fe7d773858e80\COMCTL32.dll
0x00007ffed8760000 - 0x00007ffed8789000 	C:\WINDOWS\System32\GDI32.dll
0x00007ffed87a0000 - 0x00007ffed8847000 	C:\WINDOWS\System32\msvcrt.dll
0x00007ffed7cc0000 - 0x00007ffed7ddb000 	C:\WINDOWS\System32\gdi32full.dll
0x00007ffed7fd0000 - 0x00007ffed806a000 	C:\WINDOWS\System32\msvcp_win.dll
0x00007ffed9030000 - 0x00007ffed9061000 	C:\WINDOWS\System32\IMM32.DLL
0x00007ffeb5490000 - 0x00007ffeb549c000 	C:\Program Files\Java\jdk-23\bin\vcruntime140_1.dll
0x00007ffe92650000 - 0x00007ffe926de000 	C:\Program Files\Java\jdk-23\bin\msvcp140.dll
0x00007ffe11740000 - 0x00007ffe1248f000 	C:\Program Files\Java\jdk-23\bin\server\jvm.dll
0x00007ffed8bd0000 - 0x00007ffed8c81000 	C:\WINDOWS\System32\ADVAPI32.dll
0x00007ffed9820000 - 0x00007ffed98c7000 	C:\WINDOWS\System32\sechost.dll
0x00007ffed7de0000 - 0x00007ffed7e08000 	C:\WINDOWS\System32\bcrypt.dll
0x00007ffed9250000 - 0x00007ffed9364000 	C:\WINDOWS\System32\RPCRT4.dll
0x00007ffeda9c0000 - 0x00007ffedaa31000 	C:\WINDOWS\System32\WS2_32.dll
0x00007ffecf780000 - 0x00007ffecf78a000 	C:\WINDOWS\SYSTEM32\VERSION.dll
0x00007ffed7aa0000 - 0x00007ffed7aed000 	C:\WINDOWS\SYSTEM32\POWRPROF.dll
0x00007ffed3170000 - 0x00007ffed31a4000 	C:\WINDOWS\SYSTEM32\WINMM.dll
0x00007ffed7a80000 - 0x00007ffed7a93000 	C:\WINDOWS\SYSTEM32\UMPDC.dll
0x00007ffed6c20000 - 0x00007ffed6c38000 	C:\WINDOWS\SYSTEM32\kernel.appcore.dll
0x00007ffec8a40000 - 0x00007ffec8a4a000 	C:\Program Files\Java\jdk-23\bin\jimage.dll
0x00007ffecdee0000 - 0x00007ffece112000 	C:\WINDOWS\SYSTEM32\DBGHELP.DLL
0x00007ffed8c90000 - 0x00007ffed9020000 	C:\WINDOWS\System32\combase.dll
0x00007ffed8af0000 - 0x00007ffed8bc7000 	C:\WINDOWS\System32\OLEAUT32.dll
0x00007ffeccf00000 - 0x00007ffeccf32000 	C:\WINDOWS\SYSTEM32\dbgcore.DLL
0x00007ffed7e10000 - 0x00007ffed7e8b000 	C:\WINDOWS\System32\bcryptPrimitives.dll
0x00007ffeb5dd0000 - 0x00007ffeb5dee000 	C:\Program Files\Java\jdk-23\bin\java.dll
0x00007ffed95e0000 - 0x00007ffed9781000 	C:\WINDOWS\System32\ole32.dll
0x00007ffed9d50000 - 0x00007ffeda5d8000 	C:\WINDOWS\System32\SHELL32.dll
0x00007ffed7e90000 - 0x00007ffed7fcf000 	C:\WINDOWS\System32\wintypes.dll
0x00007ffed5b30000 - 0x00007ffed643d000 	C:\WINDOWS\SYSTEM32\windows.storage.dll
0x00007ffed8870000 - 0x00007ffed897a000 	C:\WINDOWS\System32\SHCORE.dll
0x00007ffed91a0000 - 0x00007ffed91fe000 	C:\WINDOWS\System32\shlwapi.dll
0x00007ffed7b00000 - 0x00007ffed7b2b000 	C:\WINDOWS\SYSTEM32\profapi.dll
0x00007ffec2d10000 - 0x00007ffec2d20000 	C:\Program Files\Java\jdk-23\bin\net.dll
0x00007ffed7090000 - 0x00007ffed70fa000 	C:\WINDOWS\system32\mswsock.dll
0x00007ffeb3d10000 - 0x00007ffeb3d26000 	C:\Program Files\Java\jdk-23\bin\nio.dll
0x00007ffeb3df0000 - 0x00007ffeb3e07000 	C:\Program Files\Java\jdk-23\bin\zip.dll
0x00007ffeb47e0000 - 0x00007ffeb47ea000 	C:\Program Files\Java\jdk-23\bin\management.dll
0x00007ffeb3030000 - 0x00007ffeb303b000 	C:\Program Files\Java\jdk-23\bin\management_ext.dll
0x00007ffedaa40000 - 0x00007ffedaa48000 	C:\WINDOWS\System32\PSAPI.DLL
0x00007ffec26e0000 - 0x00007ffec26f7000 	C:\WINDOWS\system32\napinsp.dll
0x00007ffec2230000 - 0x00007ffec224b000 	C:\WINDOWS\system32\pnrpnsp.dll
0x00007ffed6710000 - 0x00007ffed6812000 	C:\WINDOWS\SYSTEM32\DNSAPI.dll
0x00007ffed66a0000 - 0x00007ffed66cd000 	C:\WINDOWS\SYSTEM32\IPHLPAPI.DLL
0x00007ffed8980000 - 0x00007ffed8989000 	C:\WINDOWS\System32\NSI.dll
0x00007ffec21d0000 - 0x00007ffec21e1000 	C:\WINDOWS\System32\winrnr.dll
0x00007ffecf7c0000 - 0x00007ffecf7d5000 	C:\WINDOWS\system32\wshbth.dll
0x00007ffec2180000 - 0x00007ffec21a7000 	C:\WINDOWS\system32\nlansp_c.dll
0x00007ffec8f40000 - 0x00007ffec8f4a000 	C:\Windows\System32\rasadhlp.dll
0x00007ffecea70000 - 0x00007ffeceaf3000 	C:\WINDOWS\System32\fwpuclnt.dll
0x00007ffed72e0000 - 0x00007ffed72fb000 	C:\WINDOWS\SYSTEM32\CRYPTSP.dll
0x00007ffed6b80000 - 0x00007ffed6bb7000 	C:\WINDOWS\system32\rsaenh.dll
0x00007ffed7180000 - 0x00007ffed71a8000 	C:\WINDOWS\SYSTEM32\USERENV.dll
0x00007ffed7300000 - 0x00007ffed730c000 	C:\WINDOWS\SYSTEM32\CRYPTBASE.dll
0x00007ffeb4980000 - 0x00007ffeb4989000 	C:\Program Files\Java\jdk-23\bin\extnet.dll
0x00007ffeb5cb0000 - 0x00007ffeb5cbe000 	C:\Program Files\Java\jdk-23\bin\sunmscapi.dll
0x00007ffed84d0000 - 0x00007ffed8636000 	C:\WINDOWS\System32\CRYPT32.dll
0x00007ffed74a0000 - 0x00007ffed74cd000 	C:\WINDOWS\SYSTEM32\ncrypt.dll
0x00007ffed7460000 - 0x00007ffed7497000 	C:\WINDOWS\SYSTEM32\NTASN1.dll

dbghelp: loaded successfully - version: 4.0.5 - missing functions: none
symbol engine: initialized successfully - sym options: 0x614 - pdb path: .;C:\Program Files\Java\jdk-23\bin;C:\WINDOWS\SYSTEM32;C:\WINDOWS\WinSxS\amd64_microsoft.windows.common-controls_6595b64144ccf1df_6.0.22621.4830_none_270fe7d773858e80;C:\Program Files\Java\jdk-23\bin\server

VM Arguments:
jvm_args: -Dcom.sun.management.jmxremote -Dcom.sun.management.jmxremote.port=53688 -Dcom.sun.management.jmxremote.authenticate=false -Dcom.sun.management.jmxremote.ssl=false -Djava.rmi.server.hostname=localhost -Dspring.jmx.enabled=true -Dmanagement.endpoints.jmx.exposure.include=* -Dspring.application.admin.enabled=true -XX:TieredStopAtLevel=1 -Dspring.boot.project.name=RegisterUser_RegisterUser -Dfile.encoding=UTF-8 -Dstdout.encoding=UTF-8 -Dstderr.encoding=UTF-8 -XX:+ShowCodeDetailsInExceptionMessages 
java_command: com.example.RegisterUser.RegisterUser.RegisterUserApplication --spring.output.ansi.enabled=always
java_class_path (initial): C:\Users\AVIK\Downloads\RegisterUser\RegisterUser\target\classes;C:\Users\AVIK\.m2\repository\org\springframework\boot\spring-boot-starter-data-jpa\3.4.4\spring-boot-starter-data-jpa-3.4.4.jar;C:\Users\AVIK\.m2\repository\org\springframework\boot\spring-boot-starter\3.4.4\spring-boot-starter-3.4.4.jar;C:\Users\AVIK\.m2\repository\org\springframework\boot\spring-boot\3.4.4\spring-boot-3.4.4.jar;C:\Users\AVIK\.m2\repository\org\springframework\boot\spring-boot-autoconfigure\3.4.4\spring-boot-autoconfigure-3.4.4.jar;C:\Users\AVIK\.m2\repository\org\springframework\boot\spring-boot-starter-logging\3.4.4\spring-boot-starter-logging-3.4.4.jar;C:\Users\AVIK\.m2\repository\ch\qos\logback\logback-classic\1.5.18\logback-classic-1.5.18.jar;C:\Users\AVIK\.m2\repository\ch\qos\logback\logback-core\1.5.18\logback-core-1.5.18.jar;C:\Users\AVIK\.m2\repository\org\apache\logging\log4j\log4j-to-slf4j\2.24.3\log4j-to-slf4j-2.24.3.jar;C:\Users\AVIK\.m2\repository\org\apache\logging\log4j\log4j-api\2.24.3\log4j-api-2.24.3.jar;C:\Users\AVIK\.m2\repository\org\slf4j\jul-to-slf4j\2.0.17\jul-to-slf4j-2.0.17.jar;C:\Users\AVIK\.m2\repository\jakarta\annotation\jakarta.annotation-api\2.1.1\jakarta.annotation-api-2.1.1.jar;C:\Users\AVIK\.m2\repository\org\yaml\snakeyaml\2.3\snakeyaml-2.3.jar;C:\Users\AVIK\.m2\repository\org\springframework\boot\spring-boot-starter-jdbc\3.4.4\spring-boot-starter-jdbc-3.4.4.jar;C:\Users\AVIK\.m2\repository\com\zaxxer\HikariCP\5.1.0\HikariCP-5.1.0.jar;C:\Users\AVIK\.m2\repository\org\springframework\spring-jdbc\6.2.5\spring-jdbc-6.2.5.jar;C:\Users\AVIK\.m2\repository\org\hibernate\orm\hibernate-core\6.6.11.Final\hibernate-core-6.6.11.Final.jar;C:\Users\AVIK\.m2\repository\jakarta\persistence\jakarta.persistence-api\3.1.0\jakarta.persistence-api-3.1.0.jar;C:\Users\AVIK\.m2\repository\jakarta\transaction\jakarta.transaction-api\2.0.1\jakarta.transaction-api-2.0.1.jar;C:\Users\AVIK\.m2\repository\org\jboss\logging\jboss-logging\3.6.1.Final\jboss-logging-3.6.1.Final.jar;C:\Users\AVIK\.m2\repository\org\hibernate\common\hibernate-commons-annotations\7.0.3.Final\hibernate-commons-annotations-7.0.3.Final.jar;C:\Users\AVIK\.m2\repository\io\smallrye\jandex\3.2.0\jandex-3.2.0.jar;C:\Users\AVIK\.m2\repository\com\fasterxml\classmate\1.7.0\classmate-1.7.0.jar;C:\Users\AVIK\.m2\repository\net\bytebuddy\byte-buddy\1.15.11\byte-buddy-1.15.11.jar;C:\Users\AVIK\.m2\repository\org\glassfish\jaxb\jaxb-runtime\4.0.5\jaxb-runtime-4.0.5.jar;C:\Users\AVIK\.m2\repository\org\glassfish\jaxb\jaxb-core\4.0.5\jaxb-core-4.0.5.jar;C:\Users\AVIK\.m2\repository\org\eclipse\angus\angus-activation\2.0.2\angus-activation-2.0.2.jar;C:\Users\AVIK\.m2\repository\org\glassfish\jaxb\txw2\4.0.5\txw2-4.0.5.jar;C:\Users\AVIK\.m2\repository\com\sun\istack\istack-commons-runtime\4.1.2\istack-commons-runtime-4.1.2.jar;C:\Users\AVIK\.m2\repository\jakarta\inject\jakarta.inject-api\2.0.1\jakarta.inject-api-2.0.1.jar;C:\Users\AVIK\.m2\repository\org\antlr\antlr4-runtime\4.13.0\antlr4-runtime-4.13.0.jar;C:\Users\AVIK\.m2\repository\org\springframework\data\spring-data-jpa\3.4.4\spring-data-jpa-3.4.4.jar;C:\Users\AVIK\.m2\repository\org\springframework\data\spring-data-commons\3.4.4\spring-data-commons-3.4.4.jar;C:\Users\AVIK\.m2\repository\org\springframework\spring-orm\6.2.5\spring-orm-6.2.5.jar;C:\Users\AVIK\.m2\repository\org\springframework\spring-context\6.2.5\spring-context-6.2.5.jar;C:\Users\AVIK\.m2\repository\org\springframework\spring-aop\6.2.5\spring-aop-6.2.5.jar;C:\Users\AVIK\.m2\repository\org\springframework\spring-tx\6.2.5\spring-tx-6.2.5.jar;C:\Users\AVIK\.m2\repository\org\springframework\spring-beans\6.2.5\spring-beans-6.2.5.jar;C:\Users\AVIK\.m2\repository\org\slf4j\slf4j-api\2.0.17\slf4j-api-2.0.17.jar;C:\Users\AVIK\.m2\repository\org\springframework\spring-aspects\6.2.5\spring-aspects-6.2.5.jar;C:\Users\AVIK\.m2\repository\org\aspectj\aspectjweaver\1.9.23\aspectjweaver-1.9.23.jar;C:\Users\AVIK\.m2\repository\org\springframework\boot\spring-boot-starter-web\3.4.4\spring-boot-starter-web-3.4.4.jar;C:\Users\AVIK\.m2\repository\org\springframework\boot\spring-boot-starter-json\3.4.4\spring-boot-starter-json-3.4.4.jar;C:\Users\AVIK\.m2\repository\com\fasterxml\jackson\core\jackson-databind\2.18.3\jackson-databind-2.18.3.jar;C:\Users\AVIK\.m2\repository\com\fasterxml\jackson\core\jackson-annotations\2.18.3\jackson-annotations-2.18.3.jar;C:\Users\AVIK\.m2\repository\com\fasterxml\jackson\core\jackson-core\2.18.3\jackson-core-2.18.3.jar;C:\Users\AVIK\.m2\repository\com\fasterxml\jackson\datatype\jackson-datatype-jdk8\2.18.3\jackson-datatype-jdk8-2.18.3.jar;C:\Users\AVIK\.m2\repository\com\fasterxml\jackson\datatype\jackson-datatype-jsr310\2.18.3\jackson-datatype-jsr310-2.18.3.jar;C:\Users\AVIK\.m2\repository\com\fasterxml\jackson\module\jackson-module-parameter-names\2.18.3\jackson-module-parameter-names-2.18.3.jar;C:\Users\AVIK\.m2\repository\org\springframework\boot\spring-boot-starter-tomcat\3.4.4\spring-boot-starter-tomcat-3.4.4.jar;C:\Users\AVIK\.m2\repository\org\apache\tomcat\embed\tomcat-embed-core\10.1.39\tomcat-embed-core-10.1.39.jar;C:\Users\AVIK\.m2\repository\org\apache\tomcat\embed\tomcat-embed-el\10.1.39\tomcat-embed-el-10.1.39.jar;C:\Users\AVIK\.m2\repository\org\apache\tomcat\embed\tomcat-embed-websocket\10.1.39\tomcat-embed-websocket-10.1.39.jar;C:\Users\AVIK\.m2\repository\org\springframework\spring-web\6.2.5\spring-web-6.2.5.jar;C:\Users\AVIK\.m2\repository\io\micrometer\micrometer-observation\1.14.5\micrometer-observation-1.14.5.jar;C:\Users\AVIK\.m2\repository\io\micrometer\micrometer-commons\1.14.5\micrometer-commons-1.14.5.jar;C:\Users\AVIK\.m2\repository\org\springframework\spring-webmvc\6.2.5\spring-webmvc-6.2.5.jar;C:\Users\AVIK\.m2\repository\org\springframework\spring-expression\6.2.5\spring-expression-6.2.5.jar;C:\Users\AVIK\.m2\repository\com\mysql\mysql-connector-j\9.1.0\mysql-connector-j-9.1.0.jar;C:\Users\AVIK\.m2\repository\org\projectlombok\lombok\1.18.36\lombok-1.18.36.jar;C:\Users\AVIK\.m2\repository\jakarta\xml\bind\jakarta.xml.bind-api\4.0.2\jakarta.xml.bind-api-4.0.2.jar;C:\Users\AVIK\.m2\repository\jakarta\activation\jakarta.activation-api\2.1.3\jakarta.activation-api-2.1.3.jar;C:\Users\AVIK\.m2\repository\org\springframework\spring-core\6.2.5\spring-core-6.2.5.jar;C:\Users\AVIK\.m2\repository\org\springframework\spring-jcl\6.2.5\spring-jcl-6.2.5.jar
Launcher Type: SUN_STANDARD

[Global flags]
     intx CICompilerCount                          = 3                                         {product} {ergonomic}
     uint ConcGCThreads                            = 1                                         {product} {ergonomic}
     uint G1ConcRefinementThreads                  = 4                                         {product} {ergonomic}
   size_t G1HeapRegionSize                         = 1048576                                   {product} {ergonomic}
   size_t InitialHeapSize                          = 58720256                                  {product} {ergonomic}
     bool ManagementServer                         = true                                      {product} {command line}
   size_t MarkStackSize                            = 4194304                                   {product} {ergonomic}
   size_t MarkStackSizeMax                         = 536870912                                 {product} {ergonomic}
   size_t MaxHeapSize                              = 910163968                                 {product} {ergonomic}
   size_t MaxNewSize                               = 545259520                                 {product} {ergonomic}
   size_t MinHeapDeltaBytes                        = 1048576                                   {product} {ergonomic}
   size_t MinHeapSize                              = 8388608                                   {product} {ergonomic}
    uintx NonNMethodCodeHeapSize                   = 4096                                   {pd product} {ergonomic}
    uintx NonProfiledCodeHeapSize                  = 0                                      {pd product} {ergonomic}
     bool ProfileInterpreter                       = false                                  {pd product} {command line}
    uintx ProfiledCodeHeapSize                     = 0                                      {pd product} {ergonomic}
     bool ShowCodeDetailsInExceptionMessages       = true                                   {manageable} {command line}
   size_t SoftMaxHeapSize                          = 910163968                              {manageable} {ergonomic}
     intx TieredStopAtLevel                        = 1                                         {product} {command line}
     bool UseCompressedOops                        = true                           {product lp64_product} {ergonomic}
     bool UseG1GC                                  = true                                      {product} {ergonomic}
     bool UseLargePagesIndividualAllocation        = false                                  {pd product} {ergonomic}

Logging:
Log output configuration:
 #0: stdout all=warning uptime,level,tags foldmultilines=false
 #1: stderr all=off uptime,level,tags foldmultilines=false

Environment Variables:
PATH=C:/Program Files/Java/jdk-23/bin/server;C:/Program Files/Java/jdk-23/bin;C:\Program Files\Java\jdk-23\bin;D:\ORACLE\new_dba\bin;C:\Program Files\Common Files\Oracle\Java\javapath;C:\Program Files (x86)\Common Files\Oracle\Java\javapath;C:\WINDOWS\system32;C:\WINDOWS;C:\WINDOWS\System32\Wbem;C:\WINDOWS\System32\WindowsPowerShell\v1.0\;C:\WINDOWS\System32\OpenSSH\;C:\Program Files\Git\cmd;C:\Users\AVIK\AppData\Roaming\nvm;C:\Program Files\nodejs;C:\Program Files\Redis\;C:\Program Files\Docker\Docker\resources\bin;C:\Program Files\apache-maven-3.9.9-bin\apache-maven-3.9.9\bin;C:\Program Files\MySQL\MySQL Shell 8.0\bin\;C:\Users\AVIK\AppData\Local\Microsoft\WindowsApps;C:\Users\AVIK\AppData\Local\Programs\Microsoft VS Code\bin;C:\Users\AVIK\AppData\Roaming\npm;C:\Program Files (x86)\MongoDB Atlas CLI\;C:\Program Files\JetBrains\IntelliJ IDEA Community Edition 2024.3\bin;;C:\Users\AVIK\AppData\Roaming\nvm;C:\Program Files\nodejs;C:\Users\AVIK\OneDrive\Desktop;
USERNAME=AVIK
OS=Windows_NT
PROCESSOR_IDENTIFIER=AMD64 Family 23 Model 24 Stepping 1, AuthenticAMD
TMP=C:\Users\AVIK\AppData\Local\Temp
TEMP=C:\Users\AVIK\AppData\Local\Temp




Periodic native trim disabled

---------------  S Y S T E M  ---------------

OS:
 Windows 11 , 64 bit Build 22621 (10.0.22621.4974)
OS uptime: 0 days 5:07 hours

CPU: total 4 (initial active 4) (4 cores per cpu, 2 threads per core) family 23 model 24 stepping 1 microcode 0x0, cx8, cmov, fxsr, ht, mmx, 3dnowpref, sse, sse2, sse3, ssse3, sse4a, sse4.1, sse4.2, popcnt, lzcnt, tsc, tscinvbit, avx, avx2, aes, clmul, bmi1, bmi2, adx, sha, fma, vzeroupper, clflush, clflushopt, rdtscp, f16c
Processor Information for the first 4 processors :
  Max Mhz: 2600, Current Mhz: 2600, Mhz Limit: 2600

Memory: 4k page, system-wide physical 3470M (368M free)
TotalPageFile size 14222M (AvailPageFile size 12M)
current process WorkingSet (physical memory assigned to process): 117M, peak: 117M
current process commit charge ("private bytes"): 165M, peak: 176M

vm_info: Java HotSpot(TM) 64-Bit Server VM (23.0.1+11-39) for windows-amd64 JRE (23.0.1+11-39), built on 2024-09-30T07:20:43Z with MS VC++ 17.6 (VS2022)

END.
